Archive member included to satisfy reference by file (symbol)

c:/st/stm32cubeide_1.7.0/stm32cubeide/plugins/com.st.stm32cube.ide.mcu.externaltools.gnu-tools-for-stm32.9-2020-q2-update.win32_2.0.0.202105311346/tools/bin/../lib/gcc/arm-none-eabi/9.3.1/../../../../arm-none-eabi/lib/thumb/v7e-m+fp/hard\libstdc++_nano.a(pure.o)
                              ./Core/Src/maincc.o (__cxa_pure_virtual)
c:/st/stm32cubeide_1.7.0/stm32cubeide/plugins/com.st.stm32cube.ide.mcu.externaltools.gnu-tools-for-stm32.9-2020-q2-update.win32_2.0.0.202105311346/tools/bin/../lib/gcc/arm-none-eabi/9.3.1/../../../../arm-none-eabi/lib/thumb/v7e-m+fp/hard\libstdc++_nano.a(eh_terminate.o)
                              c:/st/stm32cubeide_1.7.0/stm32cubeide/plugins/com.st.stm32cube.ide.mcu.externaltools.gnu-tools-for-stm32.9-2020-q2-update.win32_2.0.0.202105311346/tools/bin/../lib/gcc/arm-none-eabi/9.3.1/../../../../arm-none-eabi/lib/thumb/v7e-m+fp/hard\libstdc++_nano.a(pure.o) (std::terminate())
c:/st/stm32cubeide_1.7.0/stm32cubeide/plugins/com.st.stm32cube.ide.mcu.externaltools.gnu-tools-for-stm32.9-2020-q2-update.win32_2.0.0.202105311346/tools/bin/../lib/gcc/arm-none-eabi/9.3.1/../../../../arm-none-eabi/lib/thumb/v7e-m+fp/hard\libstdc++_nano.a(eh_unex_handler.o)
                              c:/st/stm32cubeide_1.7.0/stm32cubeide/plugins/com.st.stm32cube.ide.mcu.externaltools.gnu-tools-for-stm32.9-2020-q2-update.win32_2.0.0.202105311346/tools/bin/../lib/gcc/arm-none-eabi/9.3.1/../../../../arm-none-eabi/lib/thumb/v7e-m+fp/hard\libstdc++_nano.a(eh_terminate.o) (__cxxabiv1::__unexpected_handler)
c:/st/stm32cubeide_1.7.0/stm32cubeide/plugins/com.st.stm32cube.ide.mcu.externaltools.gnu-tools-for-stm32.9-2020-q2-update.win32_2.0.0.202105311346/tools/bin/../lib/gcc/arm-none-eabi/9.3.1/../../../../arm-none-eabi/lib/thumb/v7e-m+fp/hard\libstdc++_nano.a(eh_term_handler.o)
                              c:/st/stm32cubeide_1.7.0/stm32cubeide/plugins/com.st.stm32cube.ide.mcu.externaltools.gnu-tools-for-stm32.9-2020-q2-update.win32_2.0.0.202105311346/tools/bin/../lib/gcc/arm-none-eabi/9.3.1/../../../../arm-none-eabi/lib/thumb/v7e-m+fp/hard\libstdc++_nano.a(eh_terminate.o) (__cxxabiv1::__terminate_handler)
c:/st/stm32cubeide_1.7.0/stm32cubeide/plugins/com.st.stm32cube.ide.mcu.externaltools.gnu-tools-for-stm32.9-2020-q2-update.win32_2.0.0.202105311346/tools/bin/../lib/gcc/arm-none-eabi/9.3.1/../../../../arm-none-eabi/lib/thumb/v7e-m+fp/hard\libc_nano.a(lib_a-abort.o)
                              c:/st/stm32cubeide_1.7.0/stm32cubeide/plugins/com.st.stm32cube.ide.mcu.externaltools.gnu-tools-for-stm32.9-2020-q2-update.win32_2.0.0.202105311346/tools/bin/../lib/gcc/arm-none-eabi/9.3.1/../../../../arm-none-eabi/lib/thumb/v7e-m+fp/hard\libstdc++_nano.a(eh_terminate.o) (abort)
c:/st/stm32cubeide_1.7.0/stm32cubeide/plugins/com.st.stm32cube.ide.mcu.externaltools.gnu-tools-for-stm32.9-2020-q2-update.win32_2.0.0.202105311346/tools/bin/../lib/gcc/arm-none-eabi/9.3.1/../../../../arm-none-eabi/lib/thumb/v7e-m+fp/hard\libc_nano.a(lib_a-errno.o)
                              ./Core/Src/syscalls.o (__errno)
c:/st/stm32cubeide_1.7.0/stm32cubeide/plugins/com.st.stm32cube.ide.mcu.externaltools.gnu-tools-for-stm32.9-2020-q2-update.win32_2.0.0.202105311346/tools/bin/../lib/gcc/arm-none-eabi/9.3.1/../../../../arm-none-eabi/lib/thumb/v7e-m+fp/hard\libc_nano.a(lib_a-exit.o)
                              c:/st/stm32cubeide_1.7.0/stm32cubeide/plugins/com.st.stm32cube.ide.mcu.externaltools.gnu-tools-for-stm32.9-2020-q2-update.win32_2.0.0.202105311346/tools/bin/../lib/gcc/arm-none-eabi/9.3.1/../../../../arm-none-eabi/lib/thumb/v7e-m+fp/hard/crt0.o (exit)
c:/st/stm32cubeide_1.7.0/stm32cubeide/plugins/com.st.stm32cube.ide.mcu.externaltools.gnu-tools-for-stm32.9-2020-q2-update.win32_2.0.0.202105311346/tools/bin/../lib/gcc/arm-none-eabi/9.3.1/../../../../arm-none-eabi/lib/thumb/v7e-m+fp/hard\libc_nano.a(lib_a-impure.o)
                              c:/st/stm32cubeide_1.7.0/stm32cubeide/plugins/com.st.stm32cube.ide.mcu.externaltools.gnu-tools-for-stm32.9-2020-q2-update.win32_2.0.0.202105311346/tools/bin/../lib/gcc/arm-none-eabi/9.3.1/../../../../arm-none-eabi/lib/thumb/v7e-m+fp/hard\libc_nano.a(lib_a-exit.o) (_global_impure_ptr)
c:/st/stm32cubeide_1.7.0/stm32cubeide/plugins/com.st.stm32cube.ide.mcu.externaltools.gnu-tools-for-stm32.9-2020-q2-update.win32_2.0.0.202105311346/tools/bin/../lib/gcc/arm-none-eabi/9.3.1/../../../../arm-none-eabi/lib/thumb/v7e-m+fp/hard\libc_nano.a(lib_a-init.o)
                              c:/st/stm32cubeide_1.7.0/stm32cubeide/plugins/com.st.stm32cube.ide.mcu.externaltools.gnu-tools-for-stm32.9-2020-q2-update.win32_2.0.0.202105311346/tools/bin/../lib/gcc/arm-none-eabi/9.3.1/../../../../arm-none-eabi/lib/thumb/v7e-m+fp/hard/crt0.o (__libc_init_array)
[...]
Memory Configuration

Name             Origin             Length             Attributes
RAM              0x0000000020000000 0x0000000000020000 xrw
FLASH            0x0000000008000000 0x0000000000080000 xr
*default*        0x0000000000000000 0xffffffffffffffff

Linker script and memory map

LOAD c:/st/stm32cubeide_1.7.0/stm32cubeide/plugins/com.st.stm32cube.ide.mcu.externaltools.gnu-tools-for-stm32.9-2020-q2-update.win32_2.0.0.202105311346/tools/bin/../lib/gcc/arm-none-eabi/9.3.1/thumb/v7e-m+fp/hard/crti.o
LOAD c:/st/stm32cubeide_1.7.0/stm32cubeide/plugins/com.st.stm32cube.ide.mcu.externaltools.gnu-tools-for-stm32.9-2020-q2-update.win32_2.0.0.202105311346/tools/bin/../lib/gcc/arm-none-eabi/9.3.1/thumb/v7e-m+fp/hard/crtbegin.o
LOAD c:/st/stm32cubeide_1.7.0/stm32cubeide/plugins/com.st.stm32cube.ide.mcu.externaltools.gnu-tools-for-stm32.9-2020-q2-update.win32_2.0.0.202105311346/tools/bin/../lib/gcc/arm-none-eabi/9.3.1/../../../../arm-none-eabi/lib/thumb/v7e-m+fp/hard/crt0.o
LOAD ./Core/Inc/duration.o
LOAD ./Core/Inc/time.o
LOAD ./Core/Src/imu_driver.o
LOAD ./Core/Src/main.o
LOAD ./Core/Src/maincc.o
LOAD ./Core/Src/motor_driver.o
LOAD ./Core/Src/stm32f4xx_hal_msp.o
LOAD ./Core/Src/stm32f4xx_it.o
LOAD ./Core/Src/syscalls.o
LOAD ./Core/Src/sysmem.o
LOAD ./Core/Src/system_stm32f4xx.o
LOAD ./Core/Startup/startup_stm32f446retx.o
LOAD ./Drivers/STM32F4xx_HAL_Driver/Src/stm32f4xx_hal.o
LOAD ./Drivers/STM32F4xx_HAL_Driver/Src/stm32f4xx_hal_cortex.o
LOAD ./Drivers/STM32F4xx_HAL_Driver/Src/stm32f4xx_hal_dma.o
LOAD ./Drivers/STM32F4xx_HAL_Driver/Src/stm32f4xx_hal_dma_ex.o
LOAD ./Drivers/STM32F4xx_HAL_Driver/Src/stm32f4xx_hal_exti.o
LOAD ./Drivers/STM32F4xx_HAL_Driver/Src/stm32f4xx_hal_flash.o
LOAD ./Drivers/STM32F4xx_HAL_Driver/Src/stm32f4xx_hal_flash_ex.o
LOAD ./Drivers/STM32F4xx_HAL_Driver/Src/stm32f4xx_hal_flash_ramfunc.o
LOAD ./Drivers/STM32F4xx_HAL_Driver/Src/stm32f4xx_hal_gpio.o
LOAD ./Drivers/STM32F4xx_HAL_Driver/Src/stm32f4xx_hal_pwr.o
LOAD ./Drivers/STM32F4xx_HAL_Driver/Src/stm32f4xx_hal_pwr_ex.o
LOAD ./Drivers/STM32F4xx_HAL_Driver/Src/stm32f4xx_hal_rcc.o
LOAD ./Drivers/STM32F4xx_HAL_Driver/Src/stm32f4xx_hal_rcc_ex.o
LOAD ./Drivers/STM32F4xx_HAL_Driver/Src/stm32f4xx_hal_spi.o
LOAD ./Drivers/STM32F4xx_HAL_Driver/Src/stm32f4xx_hal_tim.o
LOAD ./Drivers/STM32F4xx_HAL_Driver/Src/stm32f4xx_hal_tim_ex.o
LOAD ./Drivers/STM32F4xx_HAL_Driver/Src/stm32f4xx_hal_uart.o
START GROUP
LOAD c:/st/stm32cubeide_1.7.0/stm32cubeide/plugins/com.st.stm32cube.ide.mcu.externaltools.gnu-tools-for-stm32.9-2020-q2-update.win32_2.0.0.202105311346/tools/bin/../lib/gcc/arm-none-eabi/9.3.1/../../../../arm-none-eabi/lib/thumb/v7e-m+fp/hard\libstdc++_nano.a
LOAD c:/st/stm32cubeide_1.7.0/stm32cubeide/plugins/com.st.stm32cube.ide.mcu.externaltools.gnu-tools-for-stm32.9-2020-q2-update.win32_2.0.0.202105311346/tools/bin/../lib/gcc/arm-none-eabi/9.3.1/../../../../arm-none-eabi/lib/thumb/v7e-m+fp/hard\libsupc++_nano.a
END GROUP
LOAD c:/st/stm32cubeide_1.7.0/stm32cubeide/plugins/com.st.stm32cube.ide.mcu.externaltools.gnu-tools-for-stm32.9-2020-q2-update.win32_2.0.0.202105311346/tools/bin/../lib/gcc/arm-none-eabi/9.3.1/../../../../arm-none-eabi/lib/thumb/v7e-m+fp/hard\libstdc++_nano.a
LOAD c:/st/stm32cubeide_1.7.0/stm32cubeide/plugins/com.st.stm32cube.ide.mcu.externaltools.gnu-tools-for-stm32.9-2020-q2-update.win32_2.0.0.202105311346/tools/bin/../lib/gcc/arm-none-eabi/9.3.1/../../../../arm-none-eabi/lib/thumb/v7e-m+fp/hard\libm.a
LOAD c:/st/stm32cubeide_1.7.0/stm32cubeide/plugins/com.st.stm32cube.ide.mcu.externaltools.gnu-tools-for-stm32.9-2020-q2-update.win32_2.0.0.202105311346/tools/bin/../lib/gcc/arm-none-eabi/9.3.1/../../../../arm-none-eabi/lib/thumb/v7e-m+fp/hard\libc_nano.a
START GROUP
LOAD c:/st/stm32cubeide_1.7.0/stm32cubeide/plugins/com.st.stm32cube.ide.mcu.externaltools.gnu-tools-for-stm32.9-2020-q2-update.win32_2.0.0.202105311346/tools/bin/../lib/gcc/arm-none-eabi/9.3.1/thumb/v7e-m+fp/hard\libgcc.a
LOAD c:/st/stm32cubeide_1.7.0/stm32cubeide/plugins/com.st.stm32cube.ide.mcu.externaltools.gnu-tools-for-stm32.9-2020-q2-update.win32_2.0.0.202105311346/tools/bin/../lib/gcc/arm-none-eabi/9.3.1/../../../../arm-none-eabi/lib/thumb/v7e-m+fp/hard\libc_nano.a
END GROUP
START GROUP
LOAD c:/st/stm32cubeide_1.7.0/stm32cubeide/plugins/com.st.stm32cube.ide.mcu.externaltools.gnu-tools-for-stm32.9-2020-q2-update.win32_2.0.0.202105311346/tools/bin/../lib/gcc/arm-none-eabi/9.3.1/thumb/v7e-m+fp/hard\libgcc.a
LOAD c:/st/stm32cubeide_1.7.0/stm32cubeide/plugins/com.st.stm32cube.ide.mcu.externaltools.gnu-tools-for-stm32.9-2020-q2-update.win32_2.0.0.202105311346/tools/bin/../lib/gcc/arm-none-eabi/9.3.1/../../../../arm-none-eabi/lib/thumb/v7e-m+fp/hard\libc_nano.a
LOAD c:/st/stm32cubeide_1.7.0/stm32cubeide/plugins/com.st.stm32cube.ide.mcu.externaltools.gnu-tools-for-stm32.9-2020-q2-update.win32_2.0.0.202105311346/tools/bin/../lib/gcc/arm-none-eabi/9.3.1/../../../../arm-none-eabi/lib/thumb/v7e-m+fp/hard\libnosys.a
END GROUP
START GROUP
LOAD c:/st/stm32cubeide_1.7.0/stm32cubeide/plugins/com.st.stm32cube.ide.mcu.externaltools.gnu-tools-for-stm32.9-2020-q2-update.win32_2.0.0.202105311346/tools/bin/../lib/gcc/arm-none-eabi/9.3.1/thumb/v7e-m+fp/hard\libgcc.a
LOAD c:/st/stm32cubeide_1.7.0/stm32cubeide/plugins/com.st.stm32cube.ide.mcu.externaltools.gnu-tools-for-stm32.9-2020-q2-update.win32_2.0.0.202105311346/tools/bin/../lib/gcc/arm-none-eabi/9.3.1/../../../../arm-none-eabi/lib/thumb/v7e-m+fp/hard\libc_nano.a
LOAD c:/st/stm32cubeide_1.7.0/stm32cubeide/plugins/com.st.stm32cube.ide.mcu.externaltools.gnu-tools-for-stm32.9-2020-q2-update.win32_2.0.0.202105311346/tools/bin/../lib/gcc/arm-none-eabi/9.3.1/../../../../arm-none-eabi/lib/thumb/v7e-m+fp/hard\libnosys.a
END GROUP
LOAD c:/st/stm32cubeide_1.7.0/stm32cubeide/plugins/com.st.stm32cube.ide.mcu.externaltools.gnu-tools-for-stm32.9-2020-q2-update.win32_2.0.0.202105311346/tools/bin/../lib/gcc/arm-none-eabi/9.3.1/thumb/v7e-m+fp/hard/crtend.o
LOAD c:/st/stm32cubeide_1.7.0/stm32cubeide/plugins/com.st.stm32cube.ide.mcu.externaltools.gnu-tools-for-stm32.9-2020-q2-update.win32_2.0.0.202105311346/tools/bin/../lib/gcc/arm-none-eabi/9.3.1/thumb/v7e-m+fp/hard/crtn.o
                0x0000000020020000                _estack = (ORIGIN (RAM) + LENGTH (RAM))
                0x0000000000000200                _Min_Heap_Size = 0x200
                0x0000000000000400                _Min_Stack_Size = 0x400

.isr_vector     0x0000000008000000      0x1c4
                0x0000000008000000                . = ALIGN (0x4)
 *(.isr_vector)
 .isr_vector    0x0000000008000000      0x1c4 ./Core/Startup/startup_stm32f446retx.o
                0x0000000008000000                g_pfnVectors
                0x00000000080001c4                . = ALIGN (0x4)

.text           0x00000000080001c8     0xd4ac
                0x00000000080001c8                . = ALIGN (0x4)
 *(.text)
 .text          0x00000000080001c8       0x40 c:/st/stm32cubeide_1.7.0/stm32cubeide/plugins/com.st.stm32cube.ide.mcu.externaltools.gnu-tools-for-stm32.9-2020-q2-update.win32_2.0.0.202105311346/tools/bin/../lib/gcc/arm-none-eabi/9.3.1/thumb/v7e-m+fp/hard/crtbegin.o
 .text          0x0000000008000208       0x10 c:/st/stm32cubeide_1.7.0/stm32cubeide/plugins/com.st.stm32cube.ide.mcu.externaltools.gnu-tools-for-stm32.9-2020-q2-update.win32_2.0.0.202105311346/tools/bin/../lib/gcc/arm-none-eabi/9.3.1/../../../../arm-none-eabi/lib/thumb/v7e-m+fp/hard\libc_nano.a(lib_a-strlen.o)
                0x0000000008000208                strlen
 .text          0x0000000008000218      0x378 c:/st/stm32cubeide_1.7.0/stm32cubeide/plugins/com.st.stm32cube.ide.mcu.externaltools.gnu-tools-for-stm32.9-2020-q2-update.win32_2.0.0.202105311346/tools/bin/../lib/gcc/arm-none-eabi/9.3.1/thumb/v7e-m+fp/hard\libgcc.a(_arm_addsubdf3.o)
                0x0000000008000218                __aeabi_drsub
                0x0000000008000220                __aeabi_dsub
                0x0000000008000220                __subdf3
                0x0000000008000224                __aeabi_dadd
                0x0000000008000224                __adddf3
                0x000000000800049c                __floatunsidf
                0x000000000800049c                __aeabi_ui2d
                0x00000000080004bc                __floatsidf
                0x00000000080004bc                __aeabi_i2d
                0x00000000080004e0                __aeabi_f2d
                0x00000000080004e0                __extendsfdf2
                0x0000000008000524                __floatundidf
                0x0000000008000524                __aeabi_ul2d
                0x0000000008000534                __floatdidf
                0x0000000008000534                __aeabi_l2d
 .text          0x0000000008000590      0x424 c:/st/stm32cubeide_1.7.0/stm32cubeide/plugins/com.st.stm32cube.ide.mcu.externaltools.gnu-tools-for-stm32.9-2020-q2-update.win32_2.0.0.202105311346/tools/bin/../lib/gcc/arm-none-eabi/9.3.1/thumb/v7e-m+fp/hard\libgcc.a(_arm_muldivdf3.o)
                0x0000000008000590                __aeabi_dmul
                0x0000000008000590                __muldf3
                0x00000000080007e4                __divdf3
                0x00000000080007e4                __aeabi_ddiv
 .text          0x00000000080009b4      0x110 c:/st/stm32cubeide_1.7.0/stm32cubeide/plugins/com.st.stm32cube.ide.mcu.externaltools.gnu-tools-for-stm32.9-2020-q2-update.win32_2.0.0.202105311346/tools/bin/../lib/gcc/arm-none-eabi/9.3.1/thumb/v7e-m+fp/hard\libgcc.a(_arm_cmpdf2.o)
                0x00000000080009b4                __gtdf2
                0x00000000080009b4                __gedf2
                0x00000000080009bc                __ltdf2
                0x00000000080009bc                __ledf2
                0x00000000080009c4                __nedf2
                0x00000000080009c4                __eqdf2
                0x00000000080009c4                __cmpdf2
                0x0000000008000a40                __aeabi_cdrcmple
                0x0000000008000a50                __aeabi_cdcmpeq
                0x0000000008000a50                __aeabi_cdcmple
                0x0000000008000a60                __aeabi_dcmpeq
                0x0000000008000a74                __aeabi_dcmplt
                0x0000000008000a88                __aeabi_dcmple
                0x0000000008000a9c                __aeabi_dcmpge
                0x0000000008000ab0                __aeabi_dcmpgt
 .text          0x0000000008000ac4       0xa0 c:/st/stm32cubeide_1.7.0/stm32cubeide/plugins/com.st.stm32cube.ide.mcu.externaltools.gnu-tools-for-stm32.9-2020-q2-update.win32_2.0.0.202105311346/tools/bin/../lib/gcc/arm-none-eabi/9.3.1/thumb/v7e-m+fp/hard\libgcc.a(_arm_truncdfsf2.o)
                0x0000000008000ac4                __truncdfsf2
                0x0000000008000ac4                __aeabi_d2f
 .text          0x0000000008000b64       0x30 c:/st/stm32cubeide_1.7.0/stm32cubeide/plugins/com.st.stm32cube.ide.mcu.externaltools.gnu-tools-for-stm32.9-2020-q2-update.win32_2.0.0.202105311346/tools/bin/../lib/gcc/arm-none-eabi/9.3.1/thumb/v7e-m+fp/hard\libgcc.a(_aeabi_uldivmod.o)
                0x0000000008000b64                __aeabi_uldivmod
 .text          0x0000000008000b94       0x28 c:/st/stm32cubeide_1.7.0/stm32cubeide/plugins/com.st.stm32cube.ide.mcu.externaltools.gnu-tools-for-stm32.9-2020-q2-update.win32_2.0.0.202105311346/tools/bin/../lib/gcc/arm-none-eabi/9.3.1/thumb/v7e-m+fp/hard\libgcc.a(_fixsfdi.o)
                0x0000000008000b94                __fixsfdi
                0x0000000008000b94                __aeabi_f2lz
 .text          0x0000000008000bbc       0x40 c:/st/stm32cubeide_1.7.0/stm32cubeide/plugins/com.st.stm32cube.ide.mcu.externaltools.gnu-tools-for-stm32.9-2020-q2-update.win32_2.0.0.202105311346/tools/bin/../lib/gcc/arm-none-eabi/9.3.1/thumb/v7e-m+fp/hard\libgcc.a(_fixunssfdi.o)
                0x0000000008000bbc                __fixunssfdi
                0x0000000008000bbc                __aeabi_f2ulz
 .text          0x0000000008000bfc      0x2c4 c:/st/stm32cubeide_1.7.0/stm32cubeide/plugins/com.st.stm32cube.ide.mcu.externaltools.gnu-tools-for-stm32.9-2020-q2-update.win32_2.0.0.202105311346/tools/bin/../lib/gcc/arm-none-eabi/9.3.1/thumb/v7e-m+fp/hard\libgcc.a(_udivmoddi4.o)
                0x0000000008000bfc                __udivmoddi4
 .text          0x0000000008000ec0        0x4 c:/st/stm32cubeide_1.7.0/stm32cubeide/plugins/com.st.stm32cube.ide.mcu.externaltools.gnu-tools-for-stm32.9-2020-q2-update.win32_2.0.0.202105311346/tools/bin/../lib/gcc/arm-none-eabi/9.3.1/thumb/v7e-m+fp/hard\libgcc.a(_dvmd_tls.o)
                0x0000000008000ec0                __aeabi_idiv0
                0x0000000008000ec0                __aeabi_ldiv0
 .text          0x0000000008000ec4       0x40 c:/st/stm32cubeide_1.7.0/stm32cubeide/plugins/com.st.stm32cube.ide.mcu.externaltools.gnu-tools-for-stm32.9-2020-q2-update.win32_2.0.0.202105311346/tools/bin/../lib/gcc/arm-none-eabi/9.3.1/thumb/v7e-m+fp/hard\libgcc.a(_arm_fixunsdfsi.o)
                0x0000000008000ec4                __aeabi_d2uiz
                0x0000000008000ec4                __fixunsdfsi
 *(.text*)
 .text._ZN3ros16normalizeSecNSecERmS0_
                0x0000000008000f04       0x58 ./Core/Inc/time.o
                0x0000000008000f04                ros::normalizeSecNSec(unsigned long&, unsigned long&)
 .text._ZN9ImuDriver18MPU9250_OnActivateEv
                0x0000000008000f5c       0x14 ./Core/Src/imu_driver.o
                0x0000000008000f5c                ImuDriver::MPU9250_OnActivate()
 .text._ZN9ImuDriver8imu_initEP19__SPI_HandleTypeDefP12GPIO_TypeDeft
                0x0000000008000f70       0x2e ./Core/Src/imu_driver.o
                0x0000000008000f70                ImuDriver::imu_init(__SPI_HandleTypeDef*, GPIO_TypeDef*, unsigned short)
 .text._ZN9ImuDriver16MPU9250_ActivateEv
                0x0000000008000f9e       0x26 ./Core/Src/imu_driver.o
                0x0000000008000f9e                ImuDriver::MPU9250_Activate()
 .text._ZN9ImuDriver18MPU9250_DeactivateEv
                0x0000000008000fc4       0x20 ./Core/Src/imu_driver.o
                0x0000000008000fc4                ImuDriver::MPU9250_Deactivate()
 .text._ZN9ImuDriver13SPI_WriteReadEh
                0x0000000008000fe4       0x44 ./Core/Src/imu_driver.o
                0x0000000008000fe4                ImuDriver::SPI_WriteRead(unsigned char)
 .text._ZN9ImuDriver13MPU_SPI_WriteEPhht
                0x0000000008001028       0x54 ./Core/Src/imu_driver.o
                0x0000000008001028                ImuDriver::MPU_SPI_Write(unsigned char*, unsigned char, unsigned short)
 .text._ZN9ImuDriver12MPU_SPI_ReadEPhht
                0x000000000800107c       0x56 ./Core/Src/imu_driver.o
                0x000000000800107c                ImuDriver::MPU_SPI_Read(unsigned char*, unsigned char, unsigned short)
 .text._ZN9ImuDriver13writeRegisterEhh
                0x00000000080010d2       0x2a ./Core/Src/imu_driver.o
                0x00000000080010d2                ImuDriver::writeRegister(unsigned char, unsigned char)
 .text._ZN9ImuDriver13readRegistersEhhPh
                0x00000000080010fc       0x28 ./Core/Src/imu_driver.o
                0x00000000080010fc                ImuDriver::readRegisters(unsigned char, unsigned char, unsigned char*)
 .text._ZN9ImuDriver19writeAK8963RegisterEhh
                0x0000000008001124       0x44 ./Core/Src/imu_driver.o
                0x0000000008001124                ImuDriver::writeAK8963Register(unsigned char, unsigned char)
 .text._ZN9ImuDriver19readAK8963RegistersEhhPh
                0x0000000008001168       0x54 ./Core/Src/imu_driver.o
                0x0000000008001168                ImuDriver::readAK8963Registers(unsigned char, unsigned char, unsigned char*)
 .text._ZN9ImuDriver6whoAmIEv
                0x00000000080011bc       0x24 ./Core/Src/imu_driver.o
                0x00000000080011bc                ImuDriver::whoAmI()
 .text._ZN9ImuDriver12whoAmIAK8963Ev
                0x00000000080011e0       0x24 ./Core/Src/imu_driver.o
                0x00000000080011e0                ImuDriver::whoAmIAK8963()
 .text._ZN9ImuDriver12MPU9250_InitEv
                0x0000000008001204      0x14c ./Core/Src/imu_driver.o
                0x0000000008001204                ImuDriver::MPU9250_Init()
 .text.main     0x0000000008001350       0x6c ./Core/Src/main.o
                0x0000000008001350                main
 .text.SystemClock_Config
                0x00000000080013bc       0xdc ./Core/Src/main.o
                0x00000000080013bc                SystemClock_Config
 .text.MX_SPI2_Init
                0x0000000008001498       0x6c ./Core/Src/main.o
 .text.MX_USART1_UART_Init
                0x0000000008001504       0x54 ./Core/Src/main.o
 .text.MX_USART2_UART_Init
                0x0000000008001558       0x54 ./Core/Src/main.o
 .text.MX_USART3_UART_Init
                0x00000000080015ac       0x54 ./Core/Src/main.o
 .text.MX_USART6_UART_Init
                0x0000000008001600       0x54 ./Core/Src/main.o
 .text.MX_DMA_Init
                0x0000000008001654       0x50 ./Core/Src/main.o
 .text.MX_GPIO_Init
                0x00000000080016a4      0x10c ./Core/Src/main.o
 .text.Error_Handler
                0x00000000080017b0        0xa ./Core/Src/main.o
                0x00000000080017b0                Error_Handler
 .text._ZN3ros4TimeC2Ev
                0x00000000080017ba       0x22 ./Core/Src/maincc.o
                0x00000000080017ba                ros::Time::Time()
                0x00000000080017ba                ros::Time::Time()
 .text._ZN3ros3MsgC2Ev
                0x00000000080017dc       0x20 ./Core/Src/maincc.o
                0x00000000080017dc                ros::Msg::Msg()
                0x00000000080017dc                ros::Msg::Msg()
 .text._ZN8std_msgs4TimeC2Ev
                0x00000000080017fc       0x30 ./Core/Src/maincc.o
                0x00000000080017fc                std_msgs::Time::Time()
                0x00000000080017fc                std_msgs::Time::Time()
 .text._ZNK8std_msgs4Time9serializeEPh
                0x000000000800182c       0xb0 ./Core/Src/maincc.o
                0x000000000800182c                std_msgs::Time::serialize(unsigned char*) const
 .text._ZN8std_msgs4Time11deserializeEPh
                0x00000000080018dc       0xc8 ./Core/Src/maincc.o
                0x00000000080018dc                std_msgs::Time::deserialize(unsigned char*)
 .text._ZN8std_msgs4Time7getTypeEv
                0x00000000080019a4       0x1c ./Core/Src/maincc.o
                0x00000000080019a4                std_msgs::Time::getType()
 .text._ZN8std_msgs4Time6getMD5Ev
                0x00000000080019c0       0x1c ./Core/Src/maincc.o
                0x00000000080019c0                std_msgs::Time::getMD5()
 .text._ZN14rosserial_msgs9TopicInfoC2Ev
                0x00000000080019dc       0x48 ./Core/Src/maincc.o
                0x00000000080019dc                rosserial_msgs::TopicInfo::TopicInfo()
                0x00000000080019dc                rosserial_msgs::TopicInfo::TopicInfo()
 .text._ZNK14rosserial_msgs9TopicInfo9serializeEPh
                0x0000000008001a24      0x136 ./Core/Src/maincc.o
                0x0000000008001a24                rosserial_msgs::TopicInfo::serialize(unsigned char*) const
 .text._ZN14rosserial_msgs9TopicInfo11deserializeEPh
                0x0000000008001b5a      0x1d0 ./Core/Src/maincc.o
                0x0000000008001b5a                rosserial_msgs::TopicInfo::deserialize(unsigned char*)
 *fill*         0x0000000008001d2a        0x2 
 .text._ZN14rosserial_msgs9TopicInfo7getTypeEv
                0x0000000008001d2c       0x1c ./Core/Src/maincc.o
                0x0000000008001d2c                rosserial_msgs::TopicInfo::getType()
 .text._ZN14rosserial_msgs9TopicInfo6getMD5Ev
                0x0000000008001d48       0x1c ./Core/Src/maincc.o
                0x0000000008001d48                rosserial_msgs::TopicInfo::getMD5()
 .text._ZN14rosserial_msgs3LogC2Ev
                0x0000000008001d64       0x34 ./Core/Src/maincc.o
                0x0000000008001d64                rosserial_msgs::Log::Log()
                0x0000000008001d64                rosserial_msgs::Log::Log()
 .text._ZNK14rosserial_msgs3Log9serializeEPh
                0x0000000008001d98       0x64 ./Core/Src/maincc.o
                0x0000000008001d98                rosserial_msgs::Log::serialize(unsigned char*) const
 .text._ZN14rosserial_msgs3Log11deserializeEPh
                0x0000000008001dfc       0x90 ./Core/Src/maincc.o
                0x0000000008001dfc                rosserial_msgs::Log::deserialize(unsigned char*)
 .text._ZN14rosserial_msgs3Log7getTypeEv
                0x0000000008001e8c       0x1c ./Core/Src/maincc.o
                0x0000000008001e8c                rosserial_msgs::Log::getType()
 .text._ZN14rosserial_msgs3Log6getMD5Ev
                0x0000000008001ea8       0x1c ./Core/Src/maincc.o
                0x0000000008001ea8                rosserial_msgs::Log::getMD5()
 .text._ZN14rosserial_msgs20RequestParamResponseC2Ev
                0x0000000008001ec4       0x48 ./Core/Src/maincc.o
                0x0000000008001ec4                rosserial_msgs::RequestParamResponse::RequestParamResponse()
                0x0000000008001ec4                rosserial_msgs::RequestParamResponse::RequestParamResponse()
 .text._ZNK14rosserial_msgs20RequestParamResponse9serializeEPh
                0x0000000008001f0c      0x222 ./Core/Src/maincc.o
                0x0000000008001f0c                rosserial_msgs::RequestParamResponse::serialize(unsigned char*) const
 .text._ZN14rosserial_msgs20RequestParamResponse11deserializeEPh
                0x000000000800212e      0x2e2 ./Core/Src/maincc.o
                0x000000000800212e                rosserial_msgs::RequestParamResponse::deserialize(unsigned char*)
 .text._ZN14rosserial_msgs20RequestParamResponse7getTypeEv
                0x0000000008002410       0x1c ./Core/Src/maincc.o
                0x0000000008002410                rosserial_msgs::RequestParamResponse::getType()
 .text._ZN14rosserial_msgs20RequestParamResponse6getMD5Ev
                0x000000000800242c       0x1c ./Core/Src/maincc.o
                0x000000000800242c                rosserial_msgs::RequestParamResponse::getMD5()
 .text._ZN3ros9PublisherC2EPKcPNS_3MsgEi
                0x0000000008002448       0x2e ./Core/Src/maincc.o
                0x0000000008002448                ros::Publisher::Publisher(char const*, ros::Msg*, int)
                0x0000000008002448                ros::Publisher::Publisher(char const*, ros::Msg*, int)
 .text._ZN3ros9Publisher7publishEPKNS_3MsgE
                0x0000000008002476       0x28 ./Core/Src/maincc.o
                0x0000000008002476                ros::Publisher::publish(ros::Msg const*)
 .text._ZN3ros9Publisher15getEndpointTypeEv
                0x000000000800249e       0x18 ./Core/Src/maincc.o
                0x000000000800249e                ros::Publisher::getEndpointType()
 .text._ZN13STM32Hardware10getRdmaIndEv
                0x00000000080024b6       0x26 ./Core/Src/maincc.o
                0x00000000080024b6                STM32Hardware::getRdmaInd()
 .text._ZN13STM32HardwareC2Ev
                0x00000000080024dc       0x38 ./Core/Src/maincc.o
                0x00000000080024dc                STM32Hardware::STM32Hardware()
                0x00000000080024dc                STM32Hardware::STM32Hardware()
 .text._ZN13STM32Hardware4initEv
                0x0000000008002514       0x16 ./Core/Src/maincc.o
                0x0000000008002514                STM32Hardware::init()
 .text._ZN13STM32Hardware10reset_rbufEv
                0x000000000800252a       0x22 ./Core/Src/maincc.o
                0x000000000800252a                STM32Hardware::reset_rbuf()
 .text._ZN13STM32Hardware4readEv
                0x000000000800254c       0x5a ./Core/Src/maincc.o
                0x000000000800254c                STM32Hardware::read()
 *fill*         0x00000000080025a6        0x2 
 .text._ZN13STM32Hardware5flushEv
                0x00000000080025a8       0xbc ./Core/Src/maincc.o
                0x00000000080025a8                STM32Hardware::flush()
 .text._ZN13STM32Hardware5writeEPhi
                0x0000000008002664       0x8c ./Core/Src/maincc.o
                0x0000000008002664                STM32Hardware::write(unsigned char*, int)
 .text._ZN13STM32Hardware4timeEv
                0x00000000080026f0       0x16 ./Core/Src/maincc.o
                0x00000000080026f0                STM32Hardware::time()
 *fill*         0x0000000008002706        0x2 
 .text._ZN8std_msgs6StringC2Ev
                0x0000000008002708       0x30 ./Core/Src/maincc.o
                0x0000000008002708                std_msgs::String::String()
                0x0000000008002708                std_msgs::String::String()
 .text._ZNK8std_msgs6String9serializeEPh
                0x0000000008002738       0x52 ./Core/Src/maincc.o
                0x0000000008002738                std_msgs::String::serialize(unsigned char*) const
 .text._ZN8std_msgs6String11deserializeEPh
                0x000000000800278a       0x7e ./Core/Src/maincc.o
                0x000000000800278a                std_msgs::String::deserialize(unsigned char*)
 .text._ZN8std_msgs6String7getTypeEv
                0x0000000008002808       0x1c ./Core/Src/maincc.o
                0x0000000008002808                std_msgs::String::getType()
 .text._ZN8std_msgs6String6getMD5Ev
                0x0000000008002824       0x1c ./Core/Src/maincc.o
                0x0000000008002824                std_msgs::String::getMD5()
 .text._ZN13geometry_msgs7Vector3C2Ev
                0x0000000008002840       0x50 ./Core/Src/maincc.o
                0x0000000008002840                geometry_msgs::Vector3::Vector3()
                0x0000000008002840                geometry_msgs::Vector3::Vector3()
 .text._ZNK13geometry_msgs7Vector39serializeEPh
                0x0000000008002890      0x2e6 ./Core/Src/maincc.o
                0x0000000008002890                geometry_msgs::Vector3::serialize(unsigned char*) const
 .text._ZN13geometry_msgs7Vector311deserializeEPh
                0x0000000008002b76      0x5ba ./Core/Src/maincc.o
                0x0000000008002b76                geometry_msgs::Vector3::deserialize(unsigned char*)
 .text._ZN13geometry_msgs7Vector37getTypeEv
                0x0000000008003130       0x1c ./Core/Src/maincc.o
                0x0000000008003130                geometry_msgs::Vector3::getType()
 .text._ZN13geometry_msgs7Vector36getMD5Ev
                0x000000000800314c       0x1c ./Core/Src/maincc.o
                0x000000000800314c                geometry_msgs::Vector3::getMD5()
 .text._ZN13geometry_msgs5TwistC2Ev
                0x0000000008003168       0x38 ./Core/Src/maincc.o
                0x0000000008003168                geometry_msgs::Twist::Twist()
                0x0000000008003168                geometry_msgs::Twist::Twist()
 .text._ZNK13geometry_msgs5Twist9serializeEPh
                0x00000000080031a0       0x4c ./Core/Src/maincc.o
                0x00000000080031a0                geometry_msgs::Twist::serialize(unsigned char*) const
 .text._ZN13geometry_msgs5Twist11deserializeEPh
                0x00000000080031ec       0x4c ./Core/Src/maincc.o
                0x00000000080031ec                geometry_msgs::Twist::deserialize(unsigned char*)
 .text._ZN13geometry_msgs5Twist7getTypeEv
                0x0000000008003238       0x1c ./Core/Src/maincc.o
                0x0000000008003238                geometry_msgs::Twist::getType()
 .text._ZN13geometry_msgs5Twist6getMD5Ev
                0x0000000008003254       0x1c ./Core/Src/maincc.o
                0x0000000008003254                geometry_msgs::Twist::getMD5()
 .text._ZN8std_msgs6HeaderC2Ev
                0x0000000008003270       0x40 ./Core/Src/maincc.o
                0x0000000008003270                std_msgs::Header::Header()
                0x0000000008003270                std_msgs::Header::Header()
 .text._ZNK8std_msgs6Header9serializeEPh
                0x00000000080032b0      0x130 ./Core/Src/maincc.o
                0x00000000080032b0                std_msgs::Header::serialize(unsigned char*) const
 .text._ZN8std_msgs6Header11deserializeEPh
                0x00000000080033e0      0x180 ./Core/Src/maincc.o
                0x00000000080033e0                std_msgs::Header::deserialize(unsigned char*)
 .text._ZN8std_msgs6Header7getTypeEv
                0x0000000008003560       0x1c ./Core/Src/maincc.o
                0x0000000008003560                std_msgs::Header::getType()
 .text._ZN8std_msgs6Header6getMD5Ev
                0x000000000800357c       0x1c ./Core/Src/maincc.o
                0x000000000800357c                std_msgs::Header::getMD5()
 .text._ZN13geometry_msgs10QuaternionC2Ev
                0x0000000008003598       0x5c ./Core/Src/maincc.o
                0x0000000008003598                geometry_msgs::Quaternion::Quaternion()
                0x0000000008003598                geometry_msgs::Quaternion::Quaternion()
 .text._ZNK13geometry_msgs10Quaternion9serializeEPh
                0x00000000080035f4      0x3d4 ./Core/Src/maincc.o
                0x00000000080035f4                geometry_msgs::Quaternion::serialize(unsigned char*) const
 .text._ZN13geometry_msgs10Quaternion11deserializeEPh
                0x00000000080039c8      0x7ba ./Core/Src/maincc.o
                0x00000000080039c8                geometry_msgs::Quaternion::deserialize(unsigned char*)
 *fill*         0x0000000008004182        0x2 
 .text._ZN13geometry_msgs10Quaternion7getTypeEv
                0x0000000008004184       0x1c ./Core/Src/maincc.o
                0x0000000008004184                geometry_msgs::Quaternion::getType()
 .text._ZN13geometry_msgs10Quaternion6getMD5Ev
                0x00000000080041a0       0x1c ./Core/Src/maincc.o
                0x00000000080041a0                geometry_msgs::Quaternion::getMD5()
 .text._ZN13geometry_msgs9TransformC2Ev
                0x00000000080041bc       0x38 ./Core/Src/maincc.o
                0x00000000080041bc                geometry_msgs::Transform::Transform()
                0x00000000080041bc                geometry_msgs::Transform::Transform()
 .text._ZNK13geometry_msgs9Transform9serializeEPh
                0x00000000080041f4       0x4c ./Core/Src/maincc.o
                0x00000000080041f4                geometry_msgs::Transform::serialize(unsigned char*) const
 .text._ZN13geometry_msgs9Transform11deserializeEPh
                0x0000000008004240       0x4c ./Core/Src/maincc.o
                0x0000000008004240                geometry_msgs::Transform::deserialize(unsigned char*)
 .text._ZN13geometry_msgs9Transform7getTypeEv
                0x000000000800428c       0x1c ./Core/Src/maincc.o
                0x000000000800428c                geometry_msgs::Transform::getType()
 .text._ZN13geometry_msgs9Transform6getMD5Ev
                0x00000000080042a8       0x1c ./Core/Src/maincc.o
                0x00000000080042a8                geometry_msgs::Transform::getMD5()
 .text._ZN13geometry_msgs16TransformStampedC2Ev
                0x00000000080042c4       0x44 ./Core/Src/maincc.o
                0x00000000080042c4                geometry_msgs::TransformStamped::TransformStamped()
                0x00000000080042c4                geometry_msgs::TransformStamped::TransformStamped()
 .text._ZNK13geometry_msgs16TransformStamped9serializeEPh
                0x0000000008004308       0x84 ./Core/Src/maincc.o
                0x0000000008004308                geometry_msgs::TransformStamped::serialize(unsigned char*) const
 .text._ZN13geometry_msgs16TransformStamped11deserializeEPh
                0x000000000800438c       0xb0 ./Core/Src/maincc.o
                0x000000000800438c                geometry_msgs::TransformStamped::deserialize(unsigned char*)
 .text._ZN13geometry_msgs16TransformStamped7getTypeEv
                0x000000000800443c       0x1c ./Core/Src/maincc.o
                0x000000000800443c                geometry_msgs::TransformStamped::getType()
 .text._ZN13geometry_msgs16TransformStamped6getMD5Ev
                0x0000000008004458       0x1c ./Core/Src/maincc.o
                0x0000000008004458                geometry_msgs::TransformStamped::getMD5()
 .text._ZN13geometry_msgs5PointC2Ev
                0x0000000008004474       0x50 ./Core/Src/maincc.o
                0x0000000008004474                geometry_msgs::Point::Point()
                0x0000000008004474                geometry_msgs::Point::Point()
 .text._ZNK13geometry_msgs5Point9serializeEPh
                0x00000000080044c4      0x2e6 ./Core/Src/maincc.o
                0x00000000080044c4                geometry_msgs::Point::serialize(unsigned char*) const
 .text._ZN13geometry_msgs5Point11deserializeEPh
                0x00000000080047aa      0x5ba ./Core/Src/maincc.o
                0x00000000080047aa                geometry_msgs::Point::deserialize(unsigned char*)
 .text._ZN13geometry_msgs5Point7getTypeEv
                0x0000000008004d64       0x1c ./Core/Src/maincc.o
                0x0000000008004d64                geometry_msgs::Point::getType()
 .text._ZN13geometry_msgs5Point6getMD5Ev
                0x0000000008004d80       0x1c ./Core/Src/maincc.o
                0x0000000008004d80                geometry_msgs::Point::getMD5()
 .text._ZN13geometry_msgs4PoseC2Ev
                0x0000000008004d9c       0x38 ./Core/Src/maincc.o
                0x0000000008004d9c                geometry_msgs::Pose::Pose()
                0x0000000008004d9c                geometry_msgs::Pose::Pose()
 .text._ZNK13geometry_msgs4Pose9serializeEPh
                0x0000000008004dd4       0x4c ./Core/Src/maincc.o
                0x0000000008004dd4                geometry_msgs::Pose::serialize(unsigned char*) const
 .text._ZN13geometry_msgs4Pose11deserializeEPh
                0x0000000008004e20       0x4c ./Core/Src/maincc.o
                0x0000000008004e20                geometry_msgs::Pose::deserialize(unsigned char*)
 .text._ZN13geometry_msgs4Pose7getTypeEv
                0x0000000008004e6c       0x1c ./Core/Src/maincc.o
                0x0000000008004e6c                geometry_msgs::Pose::getType()
 .text._ZN13geometry_msgs4Pose6getMD5Ev
                0x0000000008004e88       0x1c ./Core/Src/maincc.o
                0x0000000008004e88                geometry_msgs::Pose::getMD5()
 .text._ZN13geometry_msgs18PoseWithCovarianceC2Ev
                0x0000000008004ea4       0x4c ./Core/Src/maincc.o
                0x0000000008004ea4                geometry_msgs::PoseWithCovariance::PoseWithCovariance()
                0x0000000008004ea4                geometry_msgs::PoseWithCovariance::PoseWithCovariance()
 .text._ZNK13geometry_msgs18PoseWithCovariance9serializeEPh
                0x0000000008004ef0      0x13a ./Core/Src/maincc.o
                0x0000000008004ef0                geometry_msgs::PoseWithCovariance::serialize(unsigned char*) const
 .text._ZN13geometry_msgs18PoseWithCovariance11deserializeEPh
                0x000000000800502a      0x1fa ./Core/Src/maincc.o
                0x000000000800502a                geometry_msgs::PoseWithCovariance::deserialize(unsigned char*)
 .text._ZN13geometry_msgs18PoseWithCovariance7getTypeEv
                0x0000000008005224       0x1c ./Core/Src/maincc.o
                0x0000000008005224                geometry_msgs::PoseWithCovariance::getType()
 .text._ZN13geometry_msgs18PoseWithCovariance6getMD5Ev
                0x0000000008005240       0x1c ./Core/Src/maincc.o
                0x0000000008005240                geometry_msgs::PoseWithCovariance::getMD5()
 .text._ZN13geometry_msgs19TwistWithCovarianceC2Ev
                0x000000000800525c       0x4c ./Core/Src/maincc.o
                0x000000000800525c                geometry_msgs::TwistWithCovariance::TwistWithCovariance()
                0x000000000800525c                geometry_msgs::TwistWithCovariance::TwistWithCovariance()
 .text._ZNK13geometry_msgs19TwistWithCovariance9serializeEPh
                0x00000000080052a8      0x13a ./Core/Src/maincc.o
                0x00000000080052a8                geometry_msgs::TwistWithCovariance::serialize(unsigned char*) const
 .text._ZN13geometry_msgs19TwistWithCovariance11deserializeEPh
                0x00000000080053e2      0x1fa ./Core/Src/maincc.o
                0x00000000080053e2                geometry_msgs::TwistWithCovariance::deserialize(unsigned char*)
 .text._ZN13geometry_msgs19TwistWithCovariance7getTypeEv
                0x00000000080055dc       0x1c ./Core/Src/maincc.o
                0x00000000080055dc                geometry_msgs::TwistWithCovariance::getType()
 .text._ZN13geometry_msgs19TwistWithCovariance6getMD5Ev
                0x00000000080055f8       0x1c ./Core/Src/maincc.o
                0x00000000080055f8                geometry_msgs::TwistWithCovariance::getMD5()
 .text._ZN8nav_msgs8OdometryC2Ev
                0x0000000008005614       0x50 ./Core/Src/maincc.o
                0x0000000008005614                nav_msgs::Odometry::Odometry()
                0x0000000008005614                nav_msgs::Odometry::Odometry()
 .text._ZNK8nav_msgs8Odometry9serializeEPh
                0x0000000008005664       0x9e ./Core/Src/maincc.o
                0x0000000008005664                nav_msgs::Odometry::serialize(unsigned char*) const
 .text._ZN8nav_msgs8Odometry11deserializeEPh
                0x0000000008005702       0xca ./Core/Src/maincc.o
                0x0000000008005702                nav_msgs::Odometry::deserialize(unsigned char*)
 .text._ZN8nav_msgs8Odometry7getTypeEv
                0x00000000080057cc       0x1c ./Core/Src/maincc.o
                0x00000000080057cc                nav_msgs::Odometry::getType()
 .text._ZN8nav_msgs8Odometry6getMD5Ev
                0x00000000080057e8       0x1c ./Core/Src/maincc.o
                0x00000000080057e8                nav_msgs::Odometry::getMD5()
 .text._ZN11sensor_msgs10JointStateC2Ev
                0x0000000008005804       0x60 ./Core/Src/maincc.o
                0x0000000008005804                sensor_msgs::JointState::JointState()
                0x0000000008005804                sensor_msgs::JointState::JointState()
 .text._ZNK11sensor_msgs10JointState9serializeEPh
                0x0000000008005864      0x4dc ./Core/Src/maincc.o
                0x0000000008005864                sensor_msgs::JointState::serialize(unsigned char*) const
 .text._ZN11sensor_msgs10JointState11deserializeEPh
                0x0000000008005d40      0x9ea ./Core/Src/maincc.o
                0x0000000008005d40                sensor_msgs::JointState::deserialize(unsigned char*)
 *fill*         0x000000000800672a        0x2 
 .text._ZN11sensor_msgs10JointState7getTypeEv
                0x000000000800672c       0x1c ./Core/Src/maincc.o
                0x000000000800672c                sensor_msgs::JointState::getType()
 .text._ZN11sensor_msgs10JointState6getMD5Ev
                0x0000000008006748       0x1c ./Core/Src/maincc.o
                0x0000000008006748                sensor_msgs::JointState::getMD5()
 .text._ZN11sensor_msgs3ImuC2Ev
                0x0000000008006764       0xa8 ./Core/Src/maincc.o
                0x0000000008006764                sensor_msgs::Imu::Imu()
                0x0000000008006764                sensor_msgs::Imu::Imu()
 .text._ZNK11sensor_msgs3Imu9serializeEPh
                0x000000000800680c      0x396 ./Core/Src/maincc.o
                0x000000000800680c                sensor_msgs::Imu::serialize(unsigned char*) const
 .text._ZN11sensor_msgs3Imu11deserializeEPh
                0x0000000008006ba2      0x6ca ./Core/Src/maincc.o
                0x0000000008006ba2                sensor_msgs::Imu::deserialize(unsigned char*)
 .text._ZN11sensor_msgs3Imu7getTypeEv
                0x000000000800726c       0x1c ./Core/Src/maincc.o
                0x000000000800726c                sensor_msgs::Imu::getType()
 .text._ZN11sensor_msgs3Imu6getMD5Ev
                0x0000000008007288       0x1c ./Core/Src/maincc.o
                0x0000000008007288                sensor_msgs::Imu::getMD5()
 .text._ZN2tf9tfMessageC2Ev
                0x00000000080072a4       0x3c ./Core/Src/maincc.o
                0x00000000080072a4                tf::tfMessage::tfMessage()
                0x00000000080072a4                tf::tfMessage::tfMessage()
 .text._ZNK2tf9tfMessage9serializeEPh
                0x00000000080072e0       0xb8 ./Core/Src/maincc.o
                0x00000000080072e0                tf::tfMessage::serialize(unsigned char*) const
 .text._ZN2tf9tfMessage11deserializeEPh
                0x0000000008007398       0xd4 ./Core/Src/maincc.o
                0x0000000008007398                tf::tfMessage::deserialize(unsigned char*)
 .text._ZN2tf9tfMessage7getTypeEv
                0x000000000800746c       0x1c ./Core/Src/maincc.o
                0x000000000800746c                tf::tfMessage::getType()
 .text._ZN2tf9tfMessage6getMD5Ev
                0x0000000008007488       0x1c ./Core/Src/maincc.o
                0x0000000008007488                tf::tfMessage::getMD5()
 .text._ZN2tf20TransformBroadcasterC2Ev
                0x00000000080074a4       0x30 ./Core/Src/maincc.o
                0x00000000080074a4                tf::TransformBroadcaster::TransformBroadcaster()
                0x00000000080074a4                tf::TransformBroadcaster::TransformBroadcaster()
 .text._ZN11MotorDriverC2Ev
                0x00000000080074d4       0x16 ./Core/Src/maincc.o
                0x00000000080074d4                MotorDriver::MotorDriver()
                0x00000000080074d4                MotorDriver::MotorDriver()
 .text._ZN11MotorDriverD2Ev
                0x00000000080074ea       0x16 ./Core/Src/maincc.o
                0x00000000080074ea                MotorDriver::~MotorDriver()
                0x00000000080074ea                MotorDriver::~MotorDriver()
 .text._Z5cbCmdRKN13geometry_msgs5TwistE
                0x0000000008007500       0x70 ./Core/Src/maincc.o
                0x0000000008007500                cbCmd(geometry_msgs::Twist const&)
 .text.HAL_UART_TxCpltCallback
                0x0000000008007570       0x30 ./Core/Src/maincc.o
                0x0000000008007570                HAL_UART_TxCpltCallback
 .text.HAL_UART_RxCpltCallback
                0x00000000080075a0       0x30 ./Core/Src/maincc.o
                0x00000000080075a0                HAL_UART_RxCpltCallback
 .text.setup    0x00000000080075d0       0x58 ./Core/Src/maincc.o
                0x00000000080075d0                setup
 .text.loop     0x0000000008007628       0x44 ./Core/Src/maincc.o
                0x0000000008007628                loop
 .text._ZN3ros3Msg8varToArrIPhmEEvT_T0_
                0x000000000800766c       0x3c ./Core/Src/maincc.o
                0x000000000800766c                void ros::Msg::varToArr<unsigned char*, unsigned long>(unsigned char*, unsigned long)
 .text._ZN3ros3Msg8arrToVarImPhEEvRT_T0_
                0x00000000080076a8       0x4a ./Core/Src/maincc.o
                0x00000000080076a8                void ros::Msg::arrToVar<unsigned long, unsigned char*>(unsigned long&, unsigned char*)
 .text._ZN3ros11NodeHandle_I13STM32HardwareLi25ELi25ELi512ELi512EE9advertiseERNS_9PublisherE
                0x00000000080076f2       0x60 ./Core/Src/maincc.o
                0x00000000080076f2                ros::NodeHandle_<STM32Hardware, 25, 25, 512, 512>::advertise(ros::Publisher&)
 *fill*         0x0000000008007752        0x2 
 .text._ZN3ros15NodeHandleBase_C2Ev
                0x0000000008007754       0x20 ./Core/Src/maincc.o
                0x0000000008007754                ros::NodeHandleBase_::NodeHandleBase_()
                0x0000000008007754                ros::NodeHandleBase_::NodeHandleBase_()
 .text._ZN3ros11NodeHandle_I13STM32HardwareLi25ELi25ELi512ELi512EEC2Ev
                0x0000000008007774      0x100 ./Core/Src/maincc.o
                0x0000000008007774                ros::NodeHandle_<STM32Hardware, 25, 25, 512, 512>::NodeHandle_()
                0x0000000008007774                ros::NodeHandle_<STM32Hardware, 25, 25, 512, 512>::NodeHandle_()
 .text._ZN3ros11Subscriber_C2Ev
                0x0000000008007874       0x20 ./Core/Src/maincc.o
                0x0000000008007874                ros::Subscriber_::Subscriber_()
                0x0000000008007874                ros::Subscriber_::Subscriber_()
 .text._ZN3ros10SubscriberIN13geometry_msgs5TwistEvEC2EPKcPFvRKS2_Ei
                0x0000000008007894       0x48 ./Core/Src/maincc.o
                0x0000000008007894                ros::Subscriber<geometry_msgs::Twist, void>::Subscriber(char const*, void (*)(geometry_msgs::Twist const&), int)
                0x0000000008007894                ros::Subscriber<geometry_msgs::Twist, void>::Subscriber(char const*, void (*)(geometry_msgs::Twist const&), int)
 .text._ZN3ros11NodeHandle_I13STM32HardwareLi25ELi25ELi512ELi512EE11getHardwareEv
                0x00000000080078dc       0x18 ./Core/Src/maincc.o
                0x00000000080078dc                ros::NodeHandle_<STM32Hardware, 25, 25, 512, 512>::getHardware()
 .text._ZN3ros11NodeHandle_I13STM32HardwareLi25ELi25ELi512ELi512EE8initNodeEv
                0x00000000080078f4       0x3a ./Core/Src/maincc.o
                0x00000000080078f4                ros::NodeHandle_<STM32Hardware, 25, 25, 512, 512>::initNode()
 .text._ZN3ros11NodeHandle_I13STM32HardwareLi25ELi25ELi512ELi512EE9subscribeINS_10SubscriberIN13geometry_msgs5TwistEvEEEEbRT_
                0x000000000800792e       0x56 ./Core/Src/maincc.o
                0x000000000800792e                bool ros::NodeHandle_<STM32Hardware, 25, 25, 512, 512>::subscribe<ros::Subscriber<geometry_msgs::Twist, void> >(ros::Subscriber<geometry_msgs::Twist, void>&)
 .text._ZN3ros11NodeHandle_I13STM32HardwareLi25ELi25ELi512ELi512EE8spinOnceEv
                0x0000000008007984      0x3b2 ./Core/Src/maincc.o
                0x0000000008007984                ros::NodeHandle_<STM32Hardware, 25, 25, 512, 512>::spinOnce()
 .text._ZN3ros11NodeHandle_I13STM32HardwareLi25ELi25ELi512ELi512EE15requestSyncTimeEv
                0x0000000008007d36       0x3c ./Core/Src/maincc.o
                0x0000000008007d36                ros::NodeHandle_<STM32Hardware, 25, 25, 512, 512>::requestSyncTime()
 .text._ZN3ros11NodeHandle_I13STM32HardwareLi25ELi25ELi512ELi512EE15negotiateTopicsEv
                0x0000000008007d72      0x1be ./Core/Src/maincc.o
                0x0000000008007d72                ros::NodeHandle_<STM32Hardware, 25, 25, 512, 512>::negotiateTopics()
 .text._ZN3ros11NodeHandle_I13STM32HardwareLi25ELi25ELi512ELi512EE8syncTimeEPh
                0x0000000008007f30       0x98 ./Core/Src/maincc.o
                0x0000000008007f30                ros::NodeHandle_<STM32Hardware, 25, 25, 512, 512>::syncTime(unsigned char*)
 .text._ZN3ros11NodeHandle_I13STM32HardwareLi25ELi25ELi512ELi512EE7publishEiPKNS_3MsgE
                0x0000000008007fc8      0x124 ./Core/Src/maincc.o
                0x0000000008007fc8                ros::NodeHandle_<STM32Hardware, 25, 25, 512, 512>::publish(int, ros::Msg const*)
 .text._ZN3ros11NodeHandle_I13STM32HardwareLi25ELi25ELi512ELi512EE6setNowERNS_4TimeE
                0x00000000080080ec       0x80 ./Core/Src/maincc.o
                0x00000000080080ec                ros::NodeHandle_<STM32Hardware, 25, 25, 512, 512>::setNow(ros::Time&)
 .text._ZN3ros11NodeHandle_I13STM32HardwareLi25ELi25ELi512ELi512EE8logerrorEPKc
                0x000000000800816c       0x1c ./Core/Src/maincc.o
                0x000000000800816c                ros::NodeHandle_<STM32Hardware, 25, 25, 512, 512>::logerror(char const*)
 .text._ZN3ros11NodeHandle_I13STM32HardwareLi25ELi25ELi512ELi512EE3logEcPKc
                0x0000000008008188       0x38 ./Core/Src/maincc.o
                0x0000000008008188                ros::NodeHandle_<STM32Hardware, 25, 25, 512, 512>::log(char, char const*)
 .text._Z41__static_initialization_and_destruction_0ii
                0x00000000080081c0      0x104 ./Core/Src/maincc.o
 .text._ZN3ros10SubscriberIN13geometry_msgs5TwistEvE8callbackEPh
                0x00000000080082c4       0x2a ./Core/Src/maincc.o
                0x00000000080082c4                ros::Subscriber<geometry_msgs::Twist, void>::callback(unsigned char*)
 .text._ZN3ros10SubscriberIN13geometry_msgs5TwistEvE15getEndpointTypeEv
                0x00000000080082ee       0x18 ./Core/Src/maincc.o
                0x00000000080082ee                ros::Subscriber<geometry_msgs::Twist, void>::getEndpointType()
 .text._ZN3ros10SubscriberIN13geometry_msgs5TwistEvE10getMsgTypeEv
                0x0000000008008306       0x1c ./Core/Src/maincc.o
                0x0000000008008306                ros::Subscriber<geometry_msgs::Twist, void>::getMsgType()
 .text._ZN3ros10SubscriberIN13geometry_msgs5TwistEvE9getMsgMD5Ev
                0x0000000008008322       0x1c ./Core/Src/maincc.o
                0x0000000008008322                ros::Subscriber<geometry_msgs::Twist, void>::getMsgMD5()
 .text._ZN3ros11NodeHandle_I13STM32HardwareLi25ELi25ELi512ELi512EE9connectedEv
                0x000000000800833e       0x1a ./Core/Src/maincc.o
                0x000000000800833e                ros::NodeHandle_<STM32Hardware, 25, 25, 512, 512>::connected()
 .text._GLOBAL__sub_I_motorDriver
                0x0000000008008358       0x10 ./Core/Src/maincc.o
 .text._GLOBAL__sub_D_motorDriver
                0x0000000008008368       0x10 ./Core/Src/maincc.o
 .text._ZN11MotorDriver4initEP20__UART_HandleTypeDefS1_
                0x0000000008008378      0x3d8 ./Core/Src/motor_driver.o
                0x0000000008008378                MotorDriver::init(__UART_HandleTypeDef*, __UART_HandleTypeDef*)
 .text._ZN11MotorDriver8makeDataEPhhhS0_tt
                0x0000000008008750       0xa2 ./Core/Src/motor_driver.o
                0x0000000008008750                MotorDriver::makeData(unsigned char*, unsigned char, unsigned char, unsigned char*, unsigned short, unsigned short)
 .text._ZN11MotorDriver11readEncoderERlS0_
                0x00000000080087f2      0x162 ./Core/Src/motor_driver.o
                0x00000000080087f2                MotorDriver::readEncoder(long&, long&)
 .text._ZN11MotorDriver13writeVelocityExx
                0x0000000008008954      0x134 ./Core/Src/motor_driver.o
                0x0000000008008954                MotorDriver::writeVelocity(long long, long long)
 .text._ZN11MotorDriver12controlMotorEffPf
                0x0000000008008a88      0x250 ./Core/Src/motor_driver.o
                0x0000000008008a88                MotorDriver::controlMotor(float, float, float*)
 .text._ZN11MotorDriver9updateCRCEtPht
                0x0000000008008cd8       0x68 ./Core/Src/motor_driver.o
                0x0000000008008cd8                MotorDriver::updateCRC(unsigned short, unsigned char*, unsigned short)
 .text._ZN11MotorDriver11addStuffingEPh
                0x0000000008008d40      0x188 ./Core/Src/motor_driver.o
                0x0000000008008d40                MotorDriver::addStuffing(unsigned char*)
 .text._ZN11MotorDriver14removeStuffingEPh
                0x0000000008008ec8      0x10c ./Core/Src/motor_driver.o
                0x0000000008008ec8                MotorDriver::removeStuffing(unsigned char*)
 .text._ZN11MotorDriver8txPacketEPhS0_
                0x0000000008008fd4      0x122 ./Core/Src/motor_driver.o
                0x0000000008008fd4                MotorDriver::txPacket(unsigned char*, unsigned char*)
 *fill*         0x00000000080090f6        0x2 
 .text.HAL_MspInit
                0x00000000080090f8       0x50 ./Core/Src/stm32f4xx_hal_msp.o
                0x00000000080090f8                HAL_MspInit
 .text.HAL_SPI_MspInit
                0x0000000008009148       0xf0 ./Core/Src/stm32f4xx_hal_msp.o
                0x0000000008009148                HAL_SPI_MspInit
 .text.HAL_UART_MspInit
                0x0000000008009238      0x2cc ./Core/Src/stm32f4xx_hal_msp.o
                0x0000000008009238                HAL_UART_MspInit
 .text.NMI_Handler
                0x0000000008009504        0x6 ./Core/Src/stm32f4xx_it.o
                0x0000000008009504                NMI_Handler
 .text.HardFault_Handler
                0x000000000800950a        0x6 ./Core/Src/stm32f4xx_it.o
                0x000000000800950a                HardFault_Handler
 .text.MemManage_Handler
                0x0000000008009510        0x6 ./Core/Src/stm32f4xx_it.o
                0x0000000008009510                MemManage_Handler
 .text.BusFault_Handler
                0x0000000008009516        0x6 ./Core/Src/stm32f4xx_it.o
                0x0000000008009516                BusFault_Handler
 .text.UsageFault_Handler
                0x000000000800951c        0x6 ./Core/Src/stm32f4xx_it.o
                0x000000000800951c                UsageFault_Handler
 .text.SVC_Handler
                0x0000000008009522        0xe ./Core/Src/stm32f4xx_it.o
                0x0000000008009522                SVC_Handler
 .text.DebugMon_Handler
                0x0000000008009530        0xe ./Core/Src/stm32f4xx_it.o
                0x0000000008009530                DebugMon_Handler
 .text.PendSV_Handler
                0x000000000800953e        0xe ./Core/Src/stm32f4xx_it.o
                0x000000000800953e                PendSV_Handler
 .text.SysTick_Handler
                0x000000000800954c        0xc ./Core/Src/stm32f4xx_it.o
                0x000000000800954c                SysTick_Handler
 .text.DMA1_Stream1_IRQHandler
                0x0000000008009558       0x14 ./Core/Src/stm32f4xx_it.o
                0x0000000008009558                DMA1_Stream1_IRQHandler
 .text.DMA1_Stream3_IRQHandler
                0x000000000800956c       0x14 ./Core/Src/stm32f4xx_it.o
                0x000000000800956c                DMA1_Stream3_IRQHandler
 .text.USART1_IRQHandler
                0x0000000008009580       0x14 ./Core/Src/stm32f4xx_it.o
                0x0000000008009580                USART1_IRQHandler
 .text.USART3_IRQHandler
                0x0000000008009594       0x14 ./Core/Src/stm32f4xx_it.o
                0x0000000008009594                USART3_IRQHandler
 .text.USART6_IRQHandler
                0x00000000080095a8       0x14 ./Core/Src/stm32f4xx_it.o
                0x00000000080095a8                USART6_IRQHandler
 .text._getpid  0x00000000080095bc       0x10 ./Core/Src/syscalls.o
                0x00000000080095bc                _getpid
 .text._kill    0x00000000080095cc       0x20 ./Core/Src/syscalls.o
                0x00000000080095cc                _kill
 .text._exit    0x00000000080095ec       0x14 ./Core/Src/syscalls.o
                0x00000000080095ec                _exit
 .text._sbrk    0x0000000008009600       0x6c ./Core/Src/sysmem.o
                0x0000000008009600                _sbrk
 .text.SystemInit
                0x000000000800966c       0x24 ./Core/Src/system_stm32f4xx.o
                0x000000000800966c                SystemInit
 .text.Reset_Handler
                0x0000000008009690       0x50 ./Core/Startup/startup_stm32f446retx.o
                0x0000000008009690                Reset_Handler
 .text.Default_Handler
                0x00000000080096e0        0x2 ./Core/Startup/startup_stm32f446retx.o
                0x00000000080096e0                RTC_Alarm_IRQHandler
                0x00000000080096e0                EXTI2_IRQHandler
                0x00000000080096e0                TIM8_CC_IRQHandler
                0x00000000080096e0                FMPI2C1_EV_IRQHandler
                0x00000000080096e0                SPI4_IRQHandler
                0x00000000080096e0                TIM1_CC_IRQHandler
                0x00000000080096e0                DMA2_Stream5_IRQHandler
                0x00000000080096e0                DMA1_Stream5_IRQHandler
                0x00000000080096e0                PVD_IRQHandler
                0x00000000080096e0                SDIO_IRQHandler
                0x00000000080096e0                TAMP_STAMP_IRQHandler
                0x00000000080096e0                CAN2_RX1_IRQHandler
                0x00000000080096e0                EXTI3_IRQHandler
                0x00000000080096e0                TIM8_TRG_COM_TIM14_IRQHandler
                0x00000000080096e0                TIM1_UP_TIM10_IRQHandler
                0x00000000080096e0                TIM8_UP_TIM13_IRQHandler
                0x00000000080096e0                I2C3_ER_IRQHandler
                0x00000000080096e0                EXTI0_IRQHandler
                0x00000000080096e0                I2C2_EV_IRQHandler
                0x00000000080096e0                DMA1_Stream2_IRQHandler
                0x00000000080096e0                CAN1_RX0_IRQHandler
                0x00000000080096e0                FPU_IRQHandler
                0x00000000080096e0                OTG_HS_WKUP_IRQHandler
                0x00000000080096e0                CAN2_SCE_IRQHandler
                0x00000000080096e0                DMA2_Stream2_IRQHandler
                0x00000000080096e0                SPI1_IRQHandler
                0x00000000080096e0                TIM6_DAC_IRQHandler
                0x00000000080096e0                TIM1_BRK_TIM9_IRQHandler
                0x00000000080096e0                DCMI_IRQHandler
                0x00000000080096e0                CAN2_RX0_IRQHandler
                0x00000000080096e0                DMA2_Stream3_IRQHandler
                0x00000000080096e0                SAI2_IRQHandler
                0x00000000080096e0                CAN1_RX1_IRQHandler
                0x00000000080096e0                UART5_IRQHandler
                0x00000000080096e0                DMA2_Stream0_IRQHandler
                0x00000000080096e0                TIM4_IRQHandler
                0x00000000080096e0                QUADSPI_IRQHandler
                0x00000000080096e0                I2C1_EV_IRQHandler
                0x00000000080096e0                DMA1_Stream6_IRQHandler
                0x00000000080096e0                UART4_IRQHandler
                0x00000000080096e0                TIM3_IRQHandler
                0x00000000080096e0                RCC_IRQHandler
                0x00000000080096e0                TIM8_BRK_TIM12_IRQHandler
                0x00000000080096e0                Default_Handler
                0x00000000080096e0                CEC_IRQHandler
                0x00000000080096e0                EXTI15_10_IRQHandler
                0x00000000080096e0                ADC_IRQHandler
                0x00000000080096e0                DMA1_Stream7_IRQHandler
                0x00000000080096e0                TIM7_IRQHandler
                0x00000000080096e0                CAN2_TX_IRQHandler
                0x00000000080096e0                TIM5_IRQHandler
                0x00000000080096e0                DMA2_Stream7_IRQHandler
                0x00000000080096e0                I2C3_EV_IRQHandler
                0x00000000080096e0                EXTI9_5_IRQHandler
                0x00000000080096e0                RTC_WKUP_IRQHandler
                0x00000000080096e0                SPDIF_RX_IRQHandler
                0x00000000080096e0                SPI2_IRQHandler
                0x00000000080096e0                OTG_HS_EP1_IN_IRQHandler
                0x00000000080096e0                DMA1_Stream0_IRQHandler
                0x00000000080096e0                CAN1_TX_IRQHandler
                0x00000000080096e0                FMPI2C1_ER_IRQHandler
                0x00000000080096e0                EXTI4_IRQHandler
                0x00000000080096e0                OTG_HS_EP1_OUT_IRQHandler
                0x00000000080096e0                WWDG_IRQHandler
                0x00000000080096e0                TIM2_IRQHandler
                0x00000000080096e0                OTG_FS_WKUP_IRQHandler
                0x00000000080096e0                TIM1_TRG_COM_TIM11_IRQHandler
                0x00000000080096e0                OTG_HS_IRQHandler
                0x00000000080096e0                EXTI1_IRQHandler
                0x00000000080096e0                USART2_IRQHandler
                0x00000000080096e0                I2C2_ER_IRQHandler
                0x00000000080096e0                DMA2_Stream1_IRQHandler
                0x00000000080096e0                CAN1_SCE_IRQHandler
                0x00000000080096e0                FLASH_IRQHandler
                0x00000000080096e0                DMA2_Stream4_IRQHandler
                0x00000000080096e0                OTG_FS_IRQHandler
                0x00000000080096e0                SPI3_IRQHandler
                0x00000000080096e0                DMA1_Stream4_IRQHandler
                0x00000000080096e0                I2C1_ER_IRQHandler
                0x00000000080096e0                FMC_IRQHandler
                0x00000000080096e0                DMA2_Stream6_IRQHandler
                0x00000000080096e0                SAI1_IRQHandler
 *fill*         0x00000000080096e2        0x2 
 .text.HAL_Init
                0x00000000080096e4       0x44 ./Drivers/STM32F4xx_HAL_Driver/Src/stm32f4xx_hal.o
                0x00000000080096e4                HAL_Init
 .text.HAL_InitTick
                0x0000000008009728       0x60 ./Drivers/STM32F4xx_HAL_Driver/Src/stm32f4xx_hal.o
                0x0000000008009728                HAL_InitTick
 .text.HAL_IncTick
                0x0000000008009788       0x28 ./Drivers/STM32F4xx_HAL_Driver/Src/stm32f4xx_hal.o
                0x0000000008009788                HAL_IncTick
 .text.HAL_GetTick
                0x00000000080097b0       0x18 ./Drivers/STM32F4xx_HAL_Driver/Src/stm32f4xx_hal.o
                0x00000000080097b0                HAL_GetTick
 .text.HAL_Delay
                0x00000000080097c8       0x48 ./Drivers/STM32F4xx_HAL_Driver/Src/stm32f4xx_hal.o
                0x00000000080097c8                HAL_Delay
 .text.__NVIC_SetPriorityGrouping
                0x0000000008009810       0x48 ./Drivers/STM32F4xx_HAL_Driver/Src/stm32f4xx_hal_cortex.o
 .text.__NVIC_GetPriorityGrouping
                0x0000000008009858       0x1c ./Drivers/STM32F4xx_HAL_Driver/Src/stm32f4xx_hal_cortex.o
 .text.__NVIC_EnableIRQ
                0x0000000008009874       0x3c ./Drivers/STM32F4xx_HAL_Driver/Src/stm32f4xx_hal_cortex.o
 .text.__NVIC_SetPriority
                0x00000000080098b0       0x54 ./Drivers/STM32F4xx_HAL_Driver/Src/stm32f4xx_hal_cortex.o
 .text.NVIC_EncodePriority
                0x0000000008009904       0x66 ./Drivers/STM32F4xx_HAL_Driver/Src/stm32f4xx_hal_cortex.o
 *fill*         0x000000000800996a        0x2 
 .text.SysTick_Config
                0x000000000800996c       0x44 ./Drivers/STM32F4xx_HAL_Driver/Src/stm32f4xx_hal_cortex.o
 .text.HAL_NVIC_SetPriorityGrouping
                0x00000000080099b0       0x16 ./Drivers/STM32F4xx_HAL_Driver/Src/stm32f4xx_hal_cortex.o
                0x00000000080099b0                HAL_NVIC_SetPriorityGrouping
 .text.HAL_NVIC_SetPriority
                0x00000000080099c6       0x38 ./Drivers/STM32F4xx_HAL_Driver/Src/stm32f4xx_hal_cortex.o
                0x00000000080099c6                HAL_NVIC_SetPriority
 .text.HAL_NVIC_EnableIRQ
                0x00000000080099fe       0x1c ./Drivers/STM32F4xx_HAL_Driver/Src/stm32f4xx_hal_cortex.o
                0x00000000080099fe                HAL_NVIC_EnableIRQ
 .text.HAL_SYSTICK_Config
                0x0000000008009a1a       0x18 ./Drivers/STM32F4xx_HAL_Driver/Src/stm32f4xx_hal_cortex.o
                0x0000000008009a1a                HAL_SYSTICK_Config
 *fill*         0x0000000008009a32        0x2 
 .text.HAL_DMA_Init
                0x0000000008009a34      0x15c ./Drivers/STM32F4xx_HAL_Driver/Src/stm32f4xx_hal_dma.o
                0x0000000008009a34                HAL_DMA_Init
 .text.HAL_DMA_Start_IT
                0x0000000008009b90       0xb0 ./Drivers/STM32F4xx_HAL_Driver/Src/stm32f4xx_hal_dma.o
                0x0000000008009b90                HAL_DMA_Start_IT
 .text.HAL_DMA_Abort
                0x0000000008009c40       0xe0 ./Drivers/STM32F4xx_HAL_Driver/Src/stm32f4xx_hal_dma.o
                0x0000000008009c40                HAL_DMA_Abort
 .text.HAL_DMA_Abort_IT
                0x0000000008009d20       0x44 ./Drivers/STM32F4xx_HAL_Driver/Src/stm32f4xx_hal_dma.o
                0x0000000008009d20                HAL_DMA_Abort_IT
 .text.HAL_DMA_IRQHandler
                0x0000000008009d64      0x314 ./Drivers/STM32F4xx_HAL_Driver/Src/stm32f4xx_hal_dma.o
                0x0000000008009d64                HAL_DMA_IRQHandler
 .text.DMA_SetConfig
                0x000000000800a078       0x5c ./Drivers/STM32F4xx_HAL_Driver/Src/stm32f4xx_hal_dma.o
 .text.DMA_CalcBaseAndBitshift
                0x000000000800a0d4       0x6c ./Drivers/STM32F4xx_HAL_Driver/Src/stm32f4xx_hal_dma.o
 .text.DMA_CheckFifoParam
                0x000000000800a140       0xf8 ./Drivers/STM32F4xx_HAL_Driver/Src/stm32f4xx_hal_dma.o
 .text.HAL_GPIO_Init
                0x000000000800a238      0x328 ./Drivers/STM32F4xx_HAL_Driver/Src/stm32f4xx_hal_gpio.o
                0x000000000800a238                HAL_GPIO_Init
 .text.HAL_GPIO_WritePin
                0x000000000800a560       0x32 ./Drivers/STM32F4xx_HAL_Driver/Src/stm32f4xx_hal_gpio.o
                0x000000000800a560                HAL_GPIO_WritePin
 .text.HAL_GPIO_TogglePin
                0x000000000800a592       0x34 ./Drivers/STM32F4xx_HAL_Driver/Src/stm32f4xx_hal_gpio.o
                0x000000000800a592                HAL_GPIO_TogglePin
 *fill*         0x000000000800a5c6        0x2 
 .text.HAL_RCC_ClockConfig
                0x000000000800a5c8      0x1cc ./Drivers/STM32F4xx_HAL_Driver/Src/stm32f4xx_hal_rcc.o
                0x000000000800a5c8                HAL_RCC_ClockConfig
 .text.HAL_RCC_GetHCLKFreq
                0x000000000800a794       0x18 ./Drivers/STM32F4xx_HAL_Driver/Src/stm32f4xx_hal_rcc.o
                0x000000000800a794                HAL_RCC_GetHCLKFreq
 .text.HAL_RCC_GetPCLK1Freq
                0x000000000800a7ac       0x28 ./Drivers/STM32F4xx_HAL_Driver/Src/stm32f4xx_hal_rcc.o
                0x000000000800a7ac                HAL_RCC_GetPCLK1Freq
 .text.HAL_RCC_GetPCLK2Freq
                0x000000000800a7d4       0x28 ./Drivers/STM32F4xx_HAL_Driver/Src/stm32f4xx_hal_rcc.o
                0x000000000800a7d4                HAL_RCC_GetPCLK2Freq
 .text.HAL_RCC_GetSysClockFreq
                0x000000000800a7fc      0x364 ./Drivers/STM32F4xx_HAL_Driver/Src/stm32f4xx_hal_rcc_ex.o
                0x000000000800a7fc                HAL_RCC_GetSysClockFreq
 .text.HAL_RCC_OscConfig
                0x000000000800ab60      0x53c ./Drivers/STM32F4xx_HAL_Driver/Src/stm32f4xx_hal_rcc_ex.o
                0x000000000800ab60                HAL_RCC_OscConfig
 .text.HAL_SPI_Init
                0x000000000800b09c      0x112 ./Drivers/STM32F4xx_HAL_Driver/Src/stm32f4xx_hal_spi.o
                0x000000000800b09c                HAL_SPI_Init
 .text.HAL_SPI_Transmit
                0x000000000800b1ae      0x278 ./Drivers/STM32F4xx_HAL_Driver/Src/stm32f4xx_hal_spi.o
                0x000000000800b1ae                HAL_SPI_Transmit
 .text.HAL_SPI_Receive
                0x000000000800b426      0x222 ./Drivers/STM32F4xx_HAL_Driver/Src/stm32f4xx_hal_spi.o
                0x000000000800b426                HAL_SPI_Receive
 .text.HAL_SPI_TransmitReceive
                0x000000000800b648      0x344 ./Drivers/STM32F4xx_HAL_Driver/Src/stm32f4xx_hal_spi.o
                0x000000000800b648                HAL_SPI_TransmitReceive
 .text.SPI_WaitFlagStateUntilTimeout
                0x000000000800b98c      0x110 ./Drivers/STM32F4xx_HAL_Driver/Src/stm32f4xx_hal_spi.o
 .text.SPI_EndRxTransaction
                0x000000000800ba9c       0xca ./Drivers/STM32F4xx_HAL_Driver/Src/stm32f4xx_hal_spi.o
 *fill*         0x000000000800bb66        0x2 
 .text.SPI_EndRxTxTransaction
                0x000000000800bb68       0x84 ./Drivers/STM32F4xx_HAL_Driver/Src/stm32f4xx_hal_spi.o
 .text.HAL_UART_Init
                0x000000000800bbec       0x9a ./Drivers/STM32F4xx_HAL_Driver/Src/stm32f4xx_hal_uart.o
                0x000000000800bbec                HAL_UART_Init
 .text.HAL_HalfDuplex_Init
                0x000000000800bc86       0xaa ./Drivers/STM32F4xx_HAL_Driver/Src/stm32f4xx_hal_uart.o
                0x000000000800bc86                HAL_HalfDuplex_Init
 .text.HAL_UART_Transmit
                0x000000000800bd30      0x124 ./Drivers/STM32F4xx_HAL_Driver/Src/stm32f4xx_hal_uart.o
                0x000000000800bd30                HAL_UART_Transmit
 .text.HAL_UART_Receive
                0x000000000800be54      0x144 ./Drivers/STM32F4xx_HAL_Driver/Src/stm32f4xx_hal_uart.o
                0x000000000800be54                HAL_UART_Receive
 .text.HAL_UART_Transmit_DMA
                0x000000000800bf98       0xfc ./Drivers/STM32F4xx_HAL_Driver/Src/stm32f4xx_hal_uart.o
                0x000000000800bf98                HAL_UART_Transmit_DMA
 .text.HAL_UART_Receive_DMA
                0x000000000800c094       0x60 ./Drivers/STM32F4xx_HAL_Driver/Src/stm32f4xx_hal_uart.o
                0x000000000800c094                HAL_UART_Receive_DMA
 .text.HAL_UART_IRQHandler
                0x000000000800c0f4      0x51c ./Drivers/STM32F4xx_HAL_Driver/Src/stm32f4xx_hal_uart.o
                0x000000000800c0f4                HAL_UART_IRQHandler
 .text.HAL_UART_TxHalfCpltCallback
                0x000000000800c610       0x14 ./Drivers/STM32F4xx_HAL_Driver/Src/stm32f4xx_hal_uart.o
                0x000000000800c610                HAL_UART_TxHalfCpltCallback
 .text.HAL_UART_RxHalfCpltCallback
                0x000000000800c624       0x14 ./Drivers/STM32F4xx_HAL_Driver/Src/stm32f4xx_hal_uart.o
                0x000000000800c624                HAL_UART_RxHalfCpltCallback
 .text.HAL_UART_ErrorCallback
                0x000000000800c638       0x14 ./Drivers/STM32F4xx_HAL_Driver/Src/stm32f4xx_hal_uart.o
                0x000000000800c638                HAL_UART_ErrorCallback
 .text.HAL_UARTEx_RxEventCallback
                0x000000000800c64c       0x18 ./Drivers/STM32F4xx_HAL_Driver/Src/stm32f4xx_hal_uart.o
                0x000000000800c64c                HAL_UARTEx_RxEventCallback
 .text.HAL_HalfDuplex_EnableTransmitter
                0x000000000800c664       0x68 ./Drivers/STM32F4xx_HAL_Driver/Src/stm32f4xx_hal_uart.o
                0x000000000800c664                HAL_HalfDuplex_EnableTransmitter
 .text.HAL_HalfDuplex_EnableReceiver
                0x000000000800c6cc       0x68 ./Drivers/STM32F4xx_HAL_Driver/Src/stm32f4xx_hal_uart.o
                0x000000000800c6cc                HAL_HalfDuplex_EnableReceiver
 .text.UART_DMATransmitCplt
                0x000000000800c734       0x9a ./Drivers/STM32F4xx_HAL_Driver/Src/stm32f4xx_hal_uart.o
 .text.UART_DMATxHalfCplt
                0x000000000800c7ce       0x1c ./Drivers/STM32F4xx_HAL_Driver/Src/stm32f4xx_hal_uart.o
 .text.UART_DMAReceiveCplt
                0x000000000800c7ea      0x126 ./Drivers/STM32F4xx_HAL_Driver/Src/stm32f4xx_hal_uart.o
 .text.UART_DMARxHalfCplt
                0x000000000800c910       0x36 ./Drivers/STM32F4xx_HAL_Driver/Src/stm32f4xx_hal_uart.o
 .text.UART_DMAError
                0x000000000800c946       0x94 ./Drivers/STM32F4xx_HAL_Driver/Src/stm32f4xx_hal_uart.o
 .text.UART_WaitOnFlagUntilTimeout
                0x000000000800c9da       0xdc ./Drivers/STM32F4xx_HAL_Driver/Src/stm32f4xx_hal_uart.o
 *fill*         0x000000000800cab6        0x2 
 .text.UART_Start_Receive_DMA
                0x000000000800cab8      0x134 ./Drivers/STM32F4xx_HAL_Driver/Src/stm32f4xx_hal_uart.o
                0x000000000800cab8                UART_Start_Receive_DMA
 .text.UART_EndTxTransfer
                0x000000000800cbec       0x50 ./Drivers/STM32F4xx_HAL_Driver/Src/stm32f4xx_hal_uart.o
 .text.UART_EndRxTransfer
                0x000000000800cc3c       0xc6 ./Drivers/STM32F4xx_HAL_Driver/Src/stm32f4xx_hal_uart.o
 .text.UART_DMAAbortOnError
                0x000000000800cd02       0x28 ./Drivers/STM32F4xx_HAL_Driver/Src/stm32f4xx_hal_uart.o
 .text.UART_Transmit_IT
                0x000000000800cd2a       0xa0 ./Drivers/STM32F4xx_HAL_Driver/Src/stm32f4xx_hal_uart.o
 .text.UART_EndTransmit_IT
                0x000000000800cdca       0x30 ./Drivers/STM32F4xx_HAL_Driver/Src/stm32f4xx_hal_uart.o
 .text.UART_Receive_IT
                0x000000000800cdfa      0x176 ./Drivers/STM32F4xx_HAL_Driver/Src/stm32f4xx_hal_uart.o
 .text.UART_SetConfig
                0x000000000800cf70      0x390 ./Drivers/STM32F4xx_HAL_Driver/Src/stm32f4xx_hal_uart.o
 .text.__cxa_pure_virtual
                0x000000000800d300        0x6 c:/st/stm32cubeide_1.7.0/stm32cubeide/plugins/com.st.stm32cube.ide.mcu.externaltools.gnu-tools-for-stm32.9-2020-q2-update.win32_2.0.0.202105311346/tools/bin/../lib/gcc/arm-none-eabi/9.3.1/../../../../arm-none-eabi/lib/thumb/v7e-m+fp/hard\libstdc++_nano.a(pure.o)
                0x000000000800d300                __cxa_pure_virtual
 .text._ZN10__cxxabiv111__terminateEPFvvE
                0x000000000800d306        0x8 c:/st/stm32cubeide_1.7.0/stm32cubeide/plugins/com.st.stm32cube.ide.mcu.externaltools.gnu-tools-for-stm32.9-2020-q2-update.win32_2.0.0.202105311346/tools/bin/../lib/gcc/arm-none-eabi/9.3.1/../../../../arm-none-eabi/lib/thumb/v7e-m+fp/hard\libstdc++_nano.a(eh_terminate.o)
                0x000000000800d306                __cxxabiv1::__terminate(void (*)())
 *fill*         0x000000000800d30e        0x2 
 .text._ZSt13get_terminatev
                0x000000000800d310       0x10 c:/st/stm32cubeide_1.7.0/stm32cubeide/plugins/com.st.stm32cube.ide.mcu.externaltools.gnu-tools-for-stm32.9-2020-q2-update.win32_2.0.0.202105311346/tools/bin/../lib/gcc/arm-none-eabi/9.3.1/../../../../arm-none-eabi/lib/thumb/v7e-m+fp/hard\libstdc++_nano.a(eh_terminate.o)
                0x000000000800d310                std::get_terminate()
 .text._ZSt9terminatev
                0x000000000800d320        0xa c:/st/stm32cubeide_1.7.0/stm32cubeide/plugins/com.st.stm32cube.ide.mcu.externaltools.gnu-tools-for-stm32.9-2020-q2-update.win32_2.0.0.202105311346/tools/bin/../lib/gcc/arm-none-eabi/9.3.1/../../../../arm-none-eabi/lib/thumb/v7e-m+fp/hard\libstdc++_nano.a(eh_terminate.o)
                0x000000000800d320                std::terminate()
 .text.abort    0x000000000800d32a        0xe c:/st/stm32cubeide_1.7.0/stm32cubeide/plugins/com.st.stm32cube.ide.mcu.externaltools.gnu-tools-for-stm32.9-2020-q2-update.win32_2.0.0.202105311346/tools/bin/../lib/gcc/arm-none-eabi/9.3.1/../../../../arm-none-eabi/lib/thumb/v7e-m+fp/hard\libc_nano.a(lib_a-abort.o)
                0x000000000800d32a                abort
 .text.__errno  0x000000000800d338        0xc c:/st/stm32cubeide_1.7.0/stm32cubeide/plugins/com.st.stm32cube.ide.mcu.externaltools.gnu-tools-for-stm32.9-2020-q2-update.win32_2.0.0.202105311346/tools/bin/../lib/gcc/arm-none-eabi/9.3.1/../../../../arm-none-eabi/lib/thumb/v7e-m+fp/hard\libc_nano.a(lib_a-errno.o)
                0x000000000800d338                __errno
 .text.__libc_init_array
                0x000000000800d344       0x48 c:/st/stm32cubeide_1.7.0/stm32cubeide/plugins/com.st.stm32cube.ide.mcu.externaltools.gnu-tools-for-stm32.9-2020-q2-update.win32_2.0.0.202105311346/tools/bin/../lib/gcc/arm-none-eabi/9.3.1/../../../../arm-none-eabi/lib/thumb/v7e-m+fp/hard\libc_nano.a(lib_a-init.o)
                0x000000000800d344                __libc_init_array
 .text.malloc   0x000000000800d38c       0x10 c:/st/stm32cubeide_1.7.0/stm32cubeide/plugins/com.st.stm32cube.ide.mcu.externaltools.gnu-tools-for-stm32.9-2020-q2-update.win32_2.0.0.202105311346/tools/bin/../lib/gcc/arm-none-eabi/9.3.1/../../../../arm-none-eabi/lib/thumb/v7e-m+fp/hard\libc_nano.a(lib_a-malloc.o)
                0x000000000800d38c                malloc
 .text.free     0x000000000800d39c       0x10 c:/st/stm32cubeide_1.7.0/stm32cubeide/plugins/com.st.stm32cube.ide.mcu.externaltools.gnu-tools-for-stm32.9-2020-q2-update.win32_2.0.0.202105311346/tools/bin/../lib/gcc/arm-none-eabi/9.3.1/../../../../arm-none-eabi/lib/thumb/v7e-m+fp/hard\libc_nano.a(lib_a-malloc.o)
                0x000000000800d39c                free
 .text.memcpy   0x000000000800d3ac       0x1c c:/st/stm32cubeide_1.7.0/stm32cubeide/plugins/com.st.stm32cube.ide.mcu.externaltools.gnu-tools-for-stm32.9-2020-q2-update.win32_2.0.0.202105311346/tools/bin/../lib/gcc/arm-none-eabi/9.3.1/../../../../arm-none-eabi/lib/thumb/v7e-m+fp/hard\libc_nano.a(lib_a-memcpy-stub.o)
                0x000000000800d3ac                memcpy
 .text.memset   0x000000000800d3c8       0x10 c:/st/stm32cubeide_1.7.0/stm32cubeide/plugins/com.st.stm32cube.ide.mcu.externaltools.gnu-tools-for-stm32.9-2020-q2-update.win32_2.0.0.202105311346/tools/bin/../lib/gcc/arm-none-eabi/9.3.1/../../../../arm-none-eabi/lib/thumb/v7e-m+fp/hard\libc_nano.a(lib_a-memset.o)
                0x000000000800d3c8                memset
 .text._free_r  0x000000000800d3d8       0xa0 c:/st/stm32cubeide_1.7.0/stm32cubeide/plugins/com.st.stm32cube.ide.mcu.externaltools.gnu-tools-for-stm32.9-2020-q2-update.win32_2.0.0.202105311346/tools/bin/../lib/gcc/arm-none-eabi/9.3.1/../../../../arm-none-eabi/lib/thumb/v7e-m+fp/hard\libc_nano.a(lib_a-nano-freer.o)
                0x000000000800d3d8                _free_r
 .text._malloc_r
                0x000000000800d478       0xb4 c:/st/stm32cubeide_1.7.0/stm32cubeide/plugins/com.st.stm32cube.ide.mcu.externaltools.gnu-tools-for-stm32.9-2020-q2-update.win32_2.0.0.202105311346/tools/bin/../lib/gcc/arm-none-eabi/9.3.1/../../../../arm-none-eabi/lib/thumb/v7e-m+fp/hard\libc_nano.a(lib_a-nano-mallocr.o)
                0x000000000800d478                _malloc_r
 .text.realloc  0x000000000800d52c       0x10 c:/st/stm32cubeide_1.7.0/stm32cubeide/plugins/com.st.stm32cube.ide.mcu.externaltools.gnu-tools-for-stm32.9-2020-q2-update.win32_2.0.0.202105311346/tools/bin/../lib/gcc/arm-none-eabi/9.3.1/../../../../arm-none-eabi/lib/thumb/v7e-m+fp/hard\libc_nano.a(lib_a-realloc.o)
                0x000000000800d52c                realloc
 .text._sbrk_r  0x000000000800d53c       0x20 c:/st/stm32cubeide_1.7.0/stm32cubeide/plugins/com.st.stm32cube.ide.mcu.externaltools.gnu-tools-for-stm32.9-2020-q2-update.win32_2.0.0.202105311346/tools/bin/../lib/gcc/arm-none-eabi/9.3.1/../../../../arm-none-eabi/lib/thumb/v7e-m+fp/hard\libc_nano.a(lib_a-sbrkr.o)
                0x000000000800d53c                _sbrk_r
 .text._raise_r
                0x000000000800d55c       0x50 c:/st/stm32cubeide_1.7.0/stm32cubeide/plugins/com.st.stm32cube.ide.mcu.externaltools.gnu-tools-for-stm32.9-2020-q2-update.win32_2.0.0.202105311346/tools/bin/../lib/gcc/arm-none-eabi/9.3.1/../../../../arm-none-eabi/lib/thumb/v7e-m+fp/hard\libc_nano.a(lib_a-signal.o)
                0x000000000800d55c                _raise_r
 .text.raise    0x000000000800d5ac       0x10 c:/st/stm32cubeide_1.7.0/stm32cubeide/plugins/com.st.stm32cube.ide.mcu.externaltools.gnu-tools-for-stm32.9-2020-q2-update.win32_2.0.0.202105311346/tools/bin/../lib/gcc/arm-none-eabi/9.3.1/../../../../arm-none-eabi/lib/thumb/v7e-m+fp/hard\libc_nano.a(lib_a-signal.o)
                0x000000000800d5ac                raise
 .text._kill_r  0x000000000800d5bc       0x24 c:/st/stm32cubeide_1.7.0/stm32cubeide/plugins/com.st.stm32cube.ide.mcu.externaltools.gnu-tools-for-stm32.9-2020-q2-update.win32_2.0.0.202105311346/tools/bin/../lib/gcc/arm-none-eabi/9.3.1/../../../../arm-none-eabi/lib/thumb/v7e-m+fp/hard\libc_nano.a(lib_a-signalr.o)
                0x000000000800d5bc                _kill_r
 .text._getpid_r
                0x000000000800d5e0        0x4 c:/st/stm32cubeide_1.7.0/stm32cubeide/plugins/com.st.stm32cube.ide.mcu.externaltools.gnu-tools-for-stm32.9-2020-q2-update.win32_2.0.0.202105311346/tools/bin/../lib/gcc/arm-none-eabi/9.3.1/../../../../arm-none-eabi/lib/thumb/v7e-m+fp/hard\libc_nano.a(lib_a-signalr.o)
                0x000000000800d5e0                _getpid_r
 .text.__malloc_lock
                0x000000000800d5e4        0xc c:/st/stm32cubeide_1.7.0/stm32cubeide/plugins/com.st.stm32cube.ide.mcu.externaltools.gnu-tools-for-stm32.9-2020-q2-update.win32_2.0.0.202105311346/tools/bin/../lib/gcc/arm-none-eabi/9.3.1/../../../../arm-none-eabi/lib/thumb/v7e-m+fp/hard\libc_nano.a(lib_a-mlock.o)
                0x000000000800d5e4                __malloc_lock
 .text.__malloc_unlock
                0x000000000800d5f0        0xc c:/st/stm32cubeide_1.7.0/stm32cubeide/plugins/com.st.stm32cube.ide.mcu.externaltools.gnu-tools-for-stm32.9-2020-q2-update.win32_2.0.0.202105311346/tools/bin/../lib/gcc/arm-none-eabi/9.3.1/../../../../arm-none-eabi/lib/thumb/v7e-m+fp/hard\libc_nano.a(lib_a-mlock.o)
                0x000000000800d5f0                __malloc_unlock
 .text._realloc_r
                0x000000000800d5fc       0x4c c:/st/stm32cubeide_1.7.0/stm32cubeide/plugins/com.st.stm32cube.ide.mcu.externaltools.gnu-tools-for-stm32.9-2020-q2-update.win32_2.0.0.202105311346/tools/bin/../lib/gcc/arm-none-eabi/9.3.1/../../../../arm-none-eabi/lib/thumb/v7e-m+fp/hard\libc_nano.a(lib_a-nano-reallocr.o)
                0x000000000800d5fc                _realloc_r
 .text.__retarget_lock_acquire_recursive
                0x000000000800d648        0x2 c:/st/stm32cubeide_1.7.0/stm32cubeide/plugins/com.st.stm32cube.ide.mcu.externaltools.gnu-tools-for-stm32.9-2020-q2-update.win32_2.0.0.202105311346/tools/bin/../lib/gcc/arm-none-eabi/9.3.1/../../../../arm-none-eabi/lib/thumb/v7e-m+fp/hard\libc_nano.a(lib_a-lock.o)
                0x000000000800d648                __retarget_lock_acquire_recursive
 .text.__retarget_lock_release_recursive
                0x000000000800d64a        0x2 c:/st/stm32cubeide_1.7.0/stm32cubeide/plugins/com.st.stm32cube.ide.mcu.externaltools.gnu-tools-for-stm32.9-2020-q2-update.win32_2.0.0.202105311346/tools/bin/../lib/gcc/arm-none-eabi/9.3.1/../../../../arm-none-eabi/lib/thumb/v7e-m+fp/hard\libc_nano.a(lib_a-lock.o)
                0x000000000800d64a                __retarget_lock_release_recursive
 .text._malloc_usable_size_r
                0x000000000800d64c       0x10 c:/st/stm32cubeide_1.7.0/stm32cubeide/plugins/com.st.stm32cube.ide.mcu.externaltools.gnu-tools-for-stm32.9-2020-q2-update.win32_2.0.0.202105311346/tools/bin/../lib/gcc/arm-none-eabi/9.3.1/../../../../arm-none-eabi/lib/thumb/v7e-m+fp/hard\libc_nano.a(lib_a-nano-msizer.o)
                0x000000000800d64c                _malloc_usable_size_r
 *(.glue_7)
 .glue_7        0x000000000800d65c        0x0 linker stubs
 *(.glue_7t)
 .glue_7t       0x000000000800d65c        0x0 linker stubs
 *(.eh_frame)
 .eh_frame      0x000000000800d65c        0x0 c:/st/stm32cubeide_1.7.0/stm32cubeide/plugins/com.st.stm32cube.ide.mcu.externaltools.gnu-tools-for-stm32.9-2020-q2-update.win32_2.0.0.202105311346/tools/bin/../lib/gcc/arm-none-eabi/9.3.1/thumb/v7e-m+fp/hard/crtbegin.o
 *(.init)
 .init          0x000000000800d65c        0x4 c:/st/stm32cubeide_1.7.0/stm32cubeide/plugins/com.st.stm32cube.ide.mcu.externaltools.gnu-tools-for-stm32.9-2020-q2-update.win32_2.0.0.202105311346/tools/bin/../lib/gcc/arm-none-eabi/9.3.1/thumb/v7e-m+fp/hard/crti.o
                0x000000000800d65c                _init
 .init          0x000000000800d660        0x8 c:/st/stm32cubeide_1.7.0/stm32cubeide/plugins/com.st.stm32cube.ide.mcu.externaltools.gnu-tools-for-stm32.9-2020-q2-update.win32_2.0.0.202105311346/tools/bin/../lib/gcc/arm-none-eabi/9.3.1/thumb/v7e-m+fp/hard/crtn.o
 *(.fini)
 .fini          0x000000000800d668        0x4 c:/st/stm32cubeide_1.7.0/stm32cubeide/plugins/com.st.stm32cube.ide.mcu.externaltools.gnu-tools-for-stm32.9-2020-q2-update.win32_2.0.0.202105311346/tools/bin/../lib/gcc/arm-none-eabi/9.3.1/thumb/v7e-m+fp/hard/crti.o
                0x000000000800d668                _fini
 .fini          0x000000000800d66c        0x8 c:/st/stm32cubeide_1.7.0/stm32cubeide/plugins/com.st.stm32cube.ide.mcu.externaltools.gnu-tools-for-stm32.9-2020-q2-update.win32_2.0.0.202105311346/tools/bin/../lib/gcc/arm-none-eabi/9.3.1/thumb/v7e-m+fp/hard/crtn.o
                0x000000000800d674                . = ALIGN (0x4)
                0x000000000800d674                _etext = .

.vfp11_veneer   0x000000000800d674        0x0
 .vfp11_veneer  0x000000000800d674        0x0 linker stubs

.v4_bx          0x000000000800d674        0x0
 .v4_bx         0x000000000800d674        0x0 linker stubs

.iplt           0x000000000800d674        0x0
 .iplt          0x000000000800d674        0x0 c:/st/stm32cubeide_1.7.0/stm32cubeide/plugins/com.st.stm32cube.ide.mcu.externaltools.gnu-tools-for-stm32.9-2020-q2-update.win32_2.0.0.202105311346/tools/bin/../lib/gcc/arm-none-eabi/9.3.1/thumb/v7e-m+fp/hard/crtbegin.o

.rodata         0x000000000800d674      0x90c
                0x000000000800d674                . = ALIGN (0x4)
 *(.rodata)
 .rodata        0x000000000800d674      0x495 ./Core/Src/maincc.o
 *(.rodata*)
 *fill*         0x000000000800db09        0x3 
 .rodata._ZN14rosserial_msgsL12REQUESTPARAME
                0x000000000800db0c       0x1c ./Core/Src/maincc.o
 .rodata._ZTVN3ros10SubscriberIN13geometry_msgs5TwistEvEE
                0x000000000800db28       0x18 ./Core/Src/maincc.o
                0x000000000800db28                vtable for ros::Subscriber<geometry_msgs::Twist, void>
 .rodata._ZTVN3ros11NodeHandle_I13STM32HardwareLi25ELi25ELi512ELi512EEE
                0x000000000800db40       0x14 ./Core/Src/maincc.o
                0x000000000800db40                vtable for ros::NodeHandle_<STM32Hardware, 25, 25, 512, 512>
 .rodata._ZTVN2tf9tfMessageE
                0x000000000800db54       0x18 ./Core/Src/maincc.o
                0x000000000800db54                vtable for tf::tfMessage
 .rodata._ZTVN11sensor_msgs3ImuE
                0x000000000800db6c       0x18 ./Core/Src/maincc.o
                0x000000000800db6c                vtable for sensor_msgs::Imu
 .rodata._ZTVN11sensor_msgs10JointStateE
                0x000000000800db84       0x18 ./Core/Src/maincc.o
                0x000000000800db84                vtable for sensor_msgs::JointState
 .rodata._ZTVN8nav_msgs8OdometryE
                0x000000000800db9c       0x18 ./Core/Src/maincc.o
                0x000000000800db9c                vtable for nav_msgs::Odometry
 .rodata._ZTVN13geometry_msgs19TwistWithCovarianceE
                0x000000000800dbb4       0x18 ./Core/Src/maincc.o
                0x000000000800dbb4                vtable for geometry_msgs::TwistWithCovariance
 .rodata._ZTVN13geometry_msgs18PoseWithCovarianceE
                0x000000000800dbcc       0x18 ./Core/Src/maincc.o
                0x000000000800dbcc                vtable for geometry_msgs::PoseWithCovariance
 .rodata._ZTVN13geometry_msgs4PoseE
                0x000000000800dbe4       0x18 ./Core/Src/maincc.o
                0x000000000800dbe4                vtable for geometry_msgs::Pose
 .rodata._ZTVN13geometry_msgs5PointE
                0x000000000800dbfc       0x18 ./Core/Src/maincc.o
                0x000000000800dbfc                vtable for geometry_msgs::Point
 .rodata._ZTVN13geometry_msgs16TransformStampedE
                0x000000000800dc14       0x18 ./Core/Src/maincc.o
                0x000000000800dc14                vtable for geometry_msgs::TransformStamped
 .rodata._ZTVN13geometry_msgs9TransformE
                0x000000000800dc2c       0x18 ./Core/Src/maincc.o
                0x000000000800dc2c                vtable for geometry_msgs::Transform
 .rodata._ZTVN13geometry_msgs10QuaternionE
                0x000000000800dc44       0x18 ./Core/Src/maincc.o
                0x000000000800dc44                vtable for geometry_msgs::Quaternion
 .rodata._ZTVN8std_msgs6HeaderE
                0x000000000800dc5c       0x18 ./Core/Src/maincc.o
                0x000000000800dc5c                vtable for std_msgs::Header
 .rodata._ZTVN13geometry_msgs5TwistE
                0x000000000800dc74       0x18 ./Core/Src/maincc.o
                0x000000000800dc74                vtable for geometry_msgs::Twist
 .rodata._ZTVN13geometry_msgs7Vector3E
                0x000000000800dc8c       0x18 ./Core/Src/maincc.o
                0x000000000800dc8c                vtable for geometry_msgs::Vector3
 .rodata._ZTVN8std_msgs6StringE
                0x000000000800dca4       0x18 ./Core/Src/maincc.o
                0x000000000800dca4                vtable for std_msgs::String
 .rodata._ZTVN3ros11Subscriber_E
                0x000000000800dcbc       0x18 ./Core/Src/maincc.o
                0x000000000800dcbc                vtable for ros::Subscriber_
 .rodata._ZTVN3ros15NodeHandleBase_E
                0x000000000800dcd4       0x14 ./Core/Src/maincc.o
                0x000000000800dcd4                vtable for ros::NodeHandleBase_
 .rodata._ZTVN14rosserial_msgs20RequestParamResponseE
                0x000000000800dce8       0x18 ./Core/Src/maincc.o
                0x000000000800dce8                vtable for rosserial_msgs::RequestParamResponse
 .rodata._ZTVN14rosserial_msgs3LogE
                0x000000000800dd00       0x18 ./Core/Src/maincc.o
                0x000000000800dd00                vtable for rosserial_msgs::Log
 .rodata._ZTVN14rosserial_msgs9TopicInfoE
                0x000000000800dd18       0x18 ./Core/Src/maincc.o
                0x000000000800dd18                vtable for rosserial_msgs::TopicInfo
 .rodata._ZTVN8std_msgs4TimeE
                0x000000000800dd30       0x18 ./Core/Src/maincc.o
                0x000000000800dd30                vtable for std_msgs::Time
 .rodata._ZTVN3ros3MsgE
                0x000000000800dd48       0x18 ./Core/Src/maincc.o
                0x000000000800dd48                vtable for ros::Msg
 .rodata._ZZN11MotorDriver9updateCRCEtPhtE9crc_table
                0x000000000800dd60      0x200 ./Core/Src/motor_driver.o
 .rodata.AHBPrescTable
                0x000000000800df60       0x10 ./Core/Src/system_stm32f4xx.o
                0x000000000800df60                AHBPrescTable
 .rodata.APBPrescTable
                0x000000000800df70        0x8 ./Core/Src/system_stm32f4xx.o
                0x000000000800df70                APBPrescTable
 .rodata.flagBitshiftOffset.7961
                0x000000000800df78        0x8 ./Drivers/STM32F4xx_HAL_Driver/Src/stm32f4xx_hal_dma.o
                0x000000000800df80                . = ALIGN (0x4)

.ARM.extab      0x000000000800df80        0x0
                0x000000000800df80                . = ALIGN (0x4)
 *(.ARM.extab* .gnu.linkonce.armextab.*)
                0x000000000800df80                . = ALIGN (0x4)

.ARM            0x000000000800df80        0x8
                0x000000000800df80                . = ALIGN (0x4)
                0x000000000800df80                __exidx_start = .
 *(.ARM.exidx*)
 .ARM.exidx     0x000000000800df80        0x8 c:/st/stm32cubeide_1.7.0/stm32cubeide/plugins/com.st.stm32cube.ide.mcu.externaltools.gnu-tools-for-stm32.9-2020-q2-update.win32_2.0.0.202105311346/tools/bin/../lib/gcc/arm-none-eabi/9.3.1/thumb/v7e-m+fp/hard\libgcc.a(_udivmoddi4.o)
                0x000000000800df88                __exidx_end = .
                0x000000000800df88                . = ALIGN (0x4)

.rel.dyn        0x000000000800df88        0x0
 .rel.iplt      0x000000000800df88        0x0 c:/st/stm32cubeide_1.7.0/stm32cubeide/plugins/com.st.stm32cube.ide.mcu.externaltools.gnu-tools-for-stm32.9-2020-q2-update.win32_2.0.0.202105311346/tools/bin/../lib/gcc/arm-none-eabi/9.3.1/thumb/v7e-m+fp/hard/crtbegin.o

.preinit_array  0x000000000800df88        0x0
                0x000000000800df88                . = ALIGN (0x4)
                0x000000000800df88                PROVIDE (__preinit_array_start = .)
 *(.preinit_array*)
                0x000000000800df88                PROVIDE (__preinit_array_end = .)
                0x000000000800df88                . = ALIGN (0x4)

.init_array     0x000000000800df88        0x8
                0x000000000800df88                . = ALIGN (0x4)
                0x000000000800df88                PROVIDE (__init_array_start = .)
 *(SORT_BY_NAME(.init_array.*))
 *(.init_array*)
 .init_array    0x000000000800df88        0x4 c:/st/stm32cubeide_1.7.0/stm32cubeide/plugins/com.st.stm32cube.ide.mcu.externaltools.gnu-tools-for-stm32.9-2020-q2-update.win32_2.0.0.202105311346/tools/bin/../lib/gcc/arm-none-eabi/9.3.1/thumb/v7e-m+fp/hard/crtbegin.o
 .init_array    0x000000000800df8c        0x4 ./Core/Src/maincc.o
                0x000000000800df90                PROVIDE (__init_array_end = .)
                0x000000000800df90                . = ALIGN (0x4)

.fini_array     0x000000000800df90        0x8
                0x000000000800df90                . = ALIGN (0x4)
                [!provide]                        PROVIDE (__fini_array_start = .)
 *(SORT_BY_NAME(.fini_array.*))
 *(.fini_array*)
 .fini_array    0x000000000800df90        0x4 c:/st/stm32cubeide_1.7.0/stm32cubeide/plugins/com.st.stm32cube.ide.mcu.externaltools.gnu-tools-for-stm32.9-2020-q2-update.win32_2.0.0.202105311346/tools/bin/../lib/gcc/arm-none-eabi/9.3.1/thumb/v7e-m+fp/hard/crtbegin.o
 .fini_array    0x000000000800df94        0x4 ./Core/Src/maincc.o
                [!provide]                        PROVIDE (__fini_array_end = .)
                0x000000000800df98                . = ALIGN (0x4)
                0x000000000800df98                _sidata = LOADADDR (.data)

.data           0x0000000020000000       0x90 load address 0x000000000800df98
                0x0000000020000000                . = ALIGN (0x4)
                0x0000000020000000                _sdata = .
 *(.data)
 *(.data*)
 .data.msg      0x0000000020000000        0x6 ./Core/Src/maincc.o
                0x0000000020000000                msg
 *fill*         0x0000000020000006        0x2 
 .data.confirm_receive
                0x0000000020000008       0x11 ./Core/Src/maincc.o
                0x0000000020000008                confirm_receive
 *fill*         0x0000000020000019        0x3 
 .data.SystemCoreClock
                0x000000002000001c        0x4 ./Core/Src/system_stm32f4xx.o
                0x000000002000001c                SystemCoreClock
 .data.uwTickPrio
                0x0000000020000020        0x4 ./Drivers/STM32F4xx_HAL_Driver/Src/stm32f4xx_hal.o
                0x0000000020000020                uwTickPrio
 .data.uwTickFreq
                0x0000000020000024        0x1 ./Drivers/STM32F4xx_HAL_Driver/Src/stm32f4xx_hal.o
                0x0000000020000024                uwTickFreq
 *fill*         0x0000000020000025        0x3 
 .data._ZN10__cxxabiv119__terminate_handlerE